Component: ARM Compiler 5.06 update 6 (build 750) Tool: armlink [4d35ed]

==============================================================================

Section Cross References

    startup_stm32f103xb.o(RESET) refers to startup_stm32f103xb.o(STACK) for __initial_sp
    startup_stm32f103xb.o(RESET) refers to startup_stm32f103xb.o(.text) for Reset_Handler
    startup_stm32f103xb.o(RESET) refers to stm32f1xx_it.o(i.NMI_Handler) for NMI_Handler
    startup_stm32f103xb.o(RESET) refers to stm32f1xx_it.o(i.HardFault_Handler) for HardFault_Handler
    startup_stm32f103xb.o(RESET) refers to stm32f1xx_it.o(i.MemManage_Handler) for MemManage_Handler
    startup_stm32f103xb.o(RESET) refers to stm32f1xx_it.o(i.BusFault_Handler) for BusFault_Handler
    startup_stm32f103xb.o(RESET) refers to stm32f1xx_it.o(i.UsageFault_Handler) for UsageFault_Handler
    startup_stm32f103xb.o(RESET) refers to stm32f1xx_it.o(i.SVC_Handler) for SVC_Handler
    startup_stm32f103xb.o(RESET) refers to stm32f1xx_it.o(i.DebugMon_Handler) for DebugMon_Handler
    startup_stm32f103xb.o(RESET) refers to stm32f1xx_it.o(i.PendSV_Handler) for PendSV_Handler
    startup_stm32f103xb.o(RESET) refers to stm32f1xx_it.o(i.SysTick_Handler) for SysTick_Handler
    startup_stm32f103xb.o(RESET) refers to stm32f1xx_it.o(i.EXTI9_5_IRQHandler) for EXTI9_5_IRQHandler
    startup_stm32f103xb.o(RESET) refers to stm32f1xx_it.o(i.TIM1_UP_IRQHandler) for TIM1_UP_IRQHandler
    startup_stm32f103xb.o(.text) refers to system_stm32f1xx.o(i.SystemInit) for SystemInit
    startup_stm32f103xb.o(.text) refers to entry.o(.ARM.Collect$$$$00000000) for __main
    main.o(i.Display_function) refers to printf6.o(i.__0sprintf$6) for __2sprintf
    main.o(i.Display_function) refers to tft.o(i.Display_ASCII8X16_Color) for Display_ASCII8X16_Color
    main.o(i.Display_function) refers to tft.o(i.Lcd_DrawLine) for Lcd_DrawLine
    main.o(i.Display_function) refers to main.o(.data) for .data
    main.o(i.Display_function) refers to main.o(.bss) for .bss
    main.o(i.HAL_GPIO_EXTI_Callback) refers to main.o(.data) for .data
    main.o(i.HAL_TIM_PeriodElapsedCallback) refers to stm32f1xx_hal_gpio.o(i.HAL_GPIO_WritePin) for HAL_GPIO_WritePin
    main.o(i.HAL_TIM_PeriodElapsedCallback) refers to main.o(.data) for .data
    main.o(i.Key_function) refers to key.o(i.Chiclet_Keyboard_Scan) for Chiclet_Keyboard_Scan
    main.o(i.Key_function) refers to tft.o(i.dsp_single_colour) for dsp_single_colour
    main.o(i.Key_function) refers to main.o(i.LCD_Clean_Half) for LCD_Clean_Half
    main.o(i.Key_function) refers to tft.o(i.Fast_DrawFont_GBK16) for Fast_DrawFont_GBK16
    main.o(i.Key_function) refers to printf6.o(i.__0sprintf$6) for __2sprintf
    main.o(i.Key_function) refers to stm32f1xx_hal_uart.o(i.HAL_UART_Transmit) for HAL_UART_Transmit
    main.o(i.Key_function) refers to stm32f1xx_hal.o(i.HAL_Delay) for HAL_Delay
    main.o(i.Key_function) refers to at24c02.o(i.At24c02_Write_Add) for At24c02_Write_Add
    main.o(i.Key_function) refers to main.o(i.LCD_Dis_Init) for LCD_Dis_Init
    main.o(i.Key_function) refers to stm32f1xx_hal_rtc.o(i.HAL_RTC_SetTime) for HAL_RTC_SetTime
    main.o(i.Key_function) refers to main.o(.data) for .data
    main.o(i.Key_function) refers to main.o(.bss) for .bss
    main.o(i.Key_function) refers to usart.o(.bss) for huart2
    main.o(i.Key_function) refers to rtc.o(.bss) for hrtc
    main.o(i.LCD_Clean_Half) refers to tft.o(i.Lcd_SetRegion) for Lcd_SetRegion
    main.o(i.LCD_Clean_Half) refers to tft.o(i.LCD_WriteData_16Bit) for LCD_WriteData_16Bit
    main.o(i.LCD_Dis_Init) refers to tft.o(i.Fast_DrawFont_GBK16) for Fast_DrawFont_GBK16
    main.o(i.LCD_Dis_Init) refers to tft.o(i.Display_ASCII8X16_Color) for Display_ASCII8X16_Color
    main.o(i.LCD_Dis_Init) refers to main.o(.data) for .data
    main.o(i.Monitor_function) refers to stm32f1xx_hal_rtc.o(i.HAL_RTC_GetTime) for HAL_RTC_GetTime
    main.o(i.Monitor_function) refers to printf6.o(i.__0sprintf$6) for __2sprintf
    main.o(i.Monitor_function) refers to stm32f1xx_hal_uart.o(i.HAL_UART_Transmit) for HAL_UART_Transmit
    main.o(i.Monitor_function) refers to main.o(.data) for .data
    main.o(i.Monitor_function) refers to rtc.o(.bss) for hrtc
    main.o(i.Monitor_function) refers to main.o(.bss) for .bss
    main.o(i.Monitor_function) refers to usart.o(.bss) for huart1
    main.o(i.SystemClock_Config) refers to memseta.o(.text) for __aeabi_memclr4
    main.o(i.SystemClock_Config) refers to stm32f1xx_hal_rcc.o(i.HAL_RCC_OscConfig) for HAL_RCC_OscConfig
    main.o(i.SystemClock_Config) refers to stm32f1xx_hal_rcc.o(i.HAL_RCC_ClockConfig) for HAL_RCC_ClockConfig
    main.o(i.SystemClock_Config) refers to stm32f1xx_hal_rcc_ex.o(i.HAL_RCCEx_PeriphCLKConfig) for HAL_RCCEx_PeriphCLKConfig
    main.o(i.main) refers to stm32f1xx_hal.o(i.HAL_Init) for HAL_Init
    main.o(i.main) refers to main.o(i.SystemClock_Config) for SystemClock_Config
[...]
    Removing stm32f1xx_hal_tim.o(i.HAL_TIM_DMABurst_ReadStop), (102 bytes).
    Removing stm32f1xx_hal_tim.o(i.HAL_TIM_DMABurst_WriteStart), (18 bytes).
    Removing stm32f1xx_hal_tim.o(i.HAL_TIM_DMABurst_WriteStop), (102 bytes).
    Removing stm32f1xx_hal_tim.o(i.HAL_TIM_Encoder_DeInit), (76 bytes).
    Removing stm32f1xx_hal_tim.o(i.HAL_TIM_Encoder_GetState), (6 bytes).
    Removing stm32f1xx_hal_tim.o(i.HAL_TIM_Encoder_Init), (164 bytes).
    Removing stm32f1xx_hal_tim.o(i.HAL_TIM_Encoder_MspDeInit), (2 bytes).
    Removing stm32f1xx_hal_tim.o(i.HAL_TIM_Encoder_MspInit), (2 bytes).
    Removing stm32f1xx_hal_tim.o(i.HAL_TIM_Encoder_Start), (142 bytes).
    Removing stm32f1xx_hal_tim.o(i.HAL_TIM_Encoder_Start_DMA), (460 bytes).
    Removing stm32f1xx_hal_tim.o(i.HAL_TIM_Encoder_Start_IT), (182 bytes).
    Removing stm32f1xx_hal_tim.o(i.HAL_TIM_Encoder_Stop), (102 bytes).
    Removing stm32f1xx_hal_tim.o(i.HAL_TIM_Encoder_Stop_DMA), (172 bytes).
    Removing stm32f1xx_hal_tim.o(i.HAL_TIM_Encoder_Stop_IT), (144 bytes).
    Removing stm32f1xx_hal_tim.o(i.HAL_TIM_ErrorCallback), (2 bytes).
    Removing stm32f1xx_hal_tim.o(i.HAL_TIM_GenerateEvent), (38 bytes).
    Removing stm32f1xx_hal_tim.o(i.HAL_TIM_GetActiveChannel), (4 bytes).
    Removing stm32f1xx_hal_tim.o(i.HAL_TIM_GetChannelState), (34 bytes).
    Removing stm32f1xx_hal_tim.o(i.HAL_TIM_IC_CaptureHalfCpltCallback), (2 bytes).
    Removing stm32f1xx_hal_tim.o(i.HAL_TIM_IC_ConfigChannel), (270 bytes).
    Removing stm32f1xx_hal_tim.o(i.HAL_TIM_IC_DeInit), (92 bytes).
    Removing stm32f1xx_hal_tim.o(i.HAL_TIM_IC_GetState), (6 bytes).
    Removing stm32f1xx_hal_tim.o(i.HAL_TIM_IC_Init), (90 bytes).
    Removing stm32f1xx_hal_tim.o(i.HAL_TIM_IC_MspDeInit), (2 bytes).
    Removing stm32f1xx_hal_tim.o(i.HAL_TIM_IC_MspInit), (2 bytes).
    Removing stm32f1xx_hal_tim.o(i.HAL_TIM_IC_Start), (184 bytes).
    Removing stm32f1xx_hal_tim.o(i.HAL_TIM_IC_Start_DMA), (404 bytes).
    Removing stm32f1xx_hal_tim.o(i.HAL_TIM_IC_Start_IT), (224 bytes).
    Removing stm32f1xx_hal_tim.o(i.HAL_TIM_IC_Stop), (82 bytes).
    Removing stm32f1xx_hal_tim.o(i.HAL_TIM_IC_Stop_DMA), (156 bytes).
    Removing stm32f1xx_hal_tim.o(i.HAL_TIM_IC_Stop_IT), (134 bytes).
    Removing stm32f1xx_hal_tim.o(i.HAL_TIM_OC_ConfigChannel), (76 bytes).
    Removing stm32f1xx_hal_tim.o(i.HAL_TIM_OC_DeInit), (92 bytes).
    Removing stm32f1xx_hal_tim.o(i.HAL_TIM_OC_GetState), (6 bytes).
    Removing stm32f1xx_hal_tim.o(i.HAL_TIM_OC_Init), (90 bytes).
    Removing stm32f1xx_hal_tim.o(i.HAL_TIM_OC_MspDeInit), (2 bytes).
    Removing stm32f1xx_hal_tim.o(i.HAL_TIM_OC_MspInit), (2 bytes).
    Removing stm32f1xx_hal_tim.o(i.HAL_TIM_OC_Start), (156 bytes).
    Removing stm32f1xx_hal_tim.o(i.HAL_TIM_OC_Start_DMA), (388 bytes).
    Removing stm32f1xx_hal_tim.o(i.HAL_TIM_OC_Start_IT), (196 bytes).
    Removing stm32f1xx_hal_tim.o(i.HAL_TIM_OC_Stop), (112 bytes).
    Removing stm32f1xx_hal_tim.o(i.HAL_TIM_OC_Stop_DMA), (184 bytes).
    Removing stm32f1xx_hal_tim.o(i.HAL_TIM_OC_Stop_IT), (164 bytes).
    Removing stm32f1xx_hal_tim.o(i.HAL_TIM_OnePulse_ConfigChannel), (218 bytes).
    Removing stm32f1xx_hal_tim.o(i.HAL_TIM_OnePulse_DeInit), (76 bytes).
    Removing stm32f1xx_hal_tim.o(i.HAL_TIM_OnePulse_GetState), (6 bytes).
    Removing stm32f1xx_hal_tim.o(i.HAL_TIM_OnePulse_Init), (86 bytes).
    Removing stm32f1xx_hal_tim.o(i.HAL_TIM_OnePulse_MspDeInit), (2 bytes).
    Removing stm32f1xx_hal_tim.o(i.HAL_TIM_OnePulse_MspInit), (2 bytes).
    Removing stm32f1xx_hal_tim.o(i.HAL_TIM_OnePulse_Start), (104 bytes).
    Removing stm32f1xx_hal_tim.o(i.HAL_TIM_OnePulse_Start_IT), (124 bytes).
    Removing stm32f1xx_hal_tim.o(i.HAL_TIM_OnePulse_Stop), (100 bytes).
    Removing stm32f1xx_hal_tim.o(i.HAL_TIM_OnePulse_Stop_IT), (120 bytes).
    Removing stm32f1xx_hal_tim.o(i.HAL_TIM_PWM_ConfigChannel), (198 bytes).
    Removing stm32f1xx_hal_tim.o(i.HAL_TIM_PWM_DeInit), (92 bytes).
    Removing stm32f1xx_hal_tim.o(i.HAL_TIM_PWM_GetState), (6 bytes).
    Removing stm32f1xx_hal_tim.o(i.HAL_TIM_PWM_Init), (90 bytes).
    Removing stm32f1xx_hal_tim.o(i.HAL_TIM_PWM_MspDeInit), (2 bytes).
    Removing stm32f1xx_hal_tim.o(i.HAL_TIM_PWM_MspInit), (2 bytes).
    Removing stm32f1xx_hal_tim.o(i.HAL_TIM_PWM_PulseFinishedHalfCpltCallback), (2 bytes).
    Removing stm32f1xx_hal_tim.o(i.HAL_TIM_PWM_Start), (156 bytes).
    Removing stm32f1xx_hal_tim.o(i.HAL_TIM_PWM_Start_DMA), (388 bytes).
    Removing stm32f1xx_hal_tim.o(i.HAL_TIM_PWM_Start_IT), (196 bytes).
    Removing stm32f1xx_hal_tim.o(i.HAL_TIM_PWM_Stop), (112 bytes).
    Removing stm32f1xx_hal_tim.o(i.HAL_TIM_PWM_Stop_DMA), (184 bytes).
    Removing stm32f1xx_hal_tim.o(i.HAL_TIM_PWM_Stop_IT), (164 bytes).
    Removing stm32f1xx_hal_tim.o(i.HAL_TIM_PeriodElapsedCallback), (2 bytes).
    Removing stm32f1xx_hal_tim.o(i.HAL_TIM_PeriodElapsedHalfCpltCallback), (2 bytes).
    Removing stm32f1xx_hal_tim.o(i.HAL_TIM_ReadCapturedValue), (42 bytes).
    Removing stm32f1xx_hal_tim.o(i.HAL_TIM_SlaveConfigSynchro), (86 bytes).
    Removing stm32f1xx_hal_tim.o(i.HAL_TIM_SlaveConfigSynchro_IT), (86 bytes).
    Removing stm32f1xx_hal_tim.o(i.HAL_TIM_TriggerHalfCpltCallback), (2 bytes).
    Removing stm32f1xx_hal_tim.o(i.TIM_CCxChannelCmd), (26 bytes).
    Removing stm32f1xx_hal_tim.o(i.TIM_DMACaptureCplt), (110 bytes).
    Removing stm32f1xx_hal_tim.o(i.TIM_DMACaptureHalfCplt), (56 bytes).
    Removing stm32f1xx_hal_tim.o(i.TIM_DMADelayPulseCplt), (94 bytes).
    Removing stm32f1xx_hal_tim.o(i.TIM_DMADelayPulseHalfCplt), (56 bytes).
    Removing stm32f1xx_hal_tim.o(i.TIM_DMAError), (84 bytes).
    Removing stm32f1xx_hal_tim.o(i.TIM_DMAPeriodElapsedCplt), (22 bytes).
    Removing stm32f1xx_hal_tim.o(i.TIM_DMAPeriodElapsedHalfCplt), (10 bytes).
    Removing stm32f1xx_hal_tim.o(i.TIM_DMATriggerCplt), (22 bytes).
    Removing stm32f1xx_hal_tim.o(i.TIM_DMATriggerHalfCplt), (10 bytes).
    Removing stm32f1xx_hal_tim.o(i.TIM_OC1_SetConfig), (80 bytes).
    Removing stm32f1xx_hal_tim.o(i.TIM_OC2_SetConfig), (88 bytes).
    Removing stm32f1xx_hal_tim.o(i.TIM_OC3_SetConfig), (88 bytes).
    Removing stm32f1xx_hal_tim.o(i.TIM_OC4_SetConfig), (68 bytes).
    Removing stm32f1xx_hal_tim.o(i.TIM_SlaveTimer_SetConfig), (134 bytes).
    Removing stm32f1xx_hal_tim.o(i.TIM_TI1_SetConfig), (88 bytes).
    Removing stm32f1xx_hal_tim.o(i.TIM_TI2_SetConfig), (54 bytes).
    Removing stm32f1xx_hal_tim_ex.o(.rev16_text), (4 bytes).
    Removing stm32f1xx_hal_tim_ex.o(.revsh_text), (4 bytes).
    Removing stm32f1xx_hal_tim_ex.o(.rrx_text), (6 bytes).
    Removing stm32f1xx_hal_tim_ex.o(i.HAL_TIMEx_CommutHalfCpltCallback), (2 bytes).
    Removing stm32f1xx_hal_tim_ex.o(i.HAL_TIMEx_ConfigBreakDeadTime), (84 bytes).
    Removing stm32f1xx_hal_tim_ex.o(i.HAL_TIMEx_ConfigCommutEvent), (112 bytes).
    Removing stm32f1xx_hal_tim_ex.o(i.HAL_TIMEx_ConfigCommutEvent_DMA), (144 bytes).
    Removing stm32f1xx_hal_tim_ex.o(i.HAL_TIMEx_ConfigCommutEvent_IT), (112 bytes).
    Removing stm32f1xx_hal_tim_ex.o(i.HAL_TIMEx_GetChannelNState), (34 bytes).
    Removing stm32f1xx_hal_tim_ex.o(i.HAL_TIMEx_HallSensor_DeInit), (76 bytes).
    Removing stm32f1xx_hal_tim_ex.o(i.HAL_TIMEx_HallSensor_GetState), (6 bytes).
    Removing stm32f1xx_hal_tim_ex.o(i.HAL_TIMEx_HallSensor_Init), (208 bytes).
    Removing stm32f1xx_hal_tim_ex.o(i.HAL_TIMEx_HallSensor_MspDeInit), (2 bytes).
    Removing stm32f1xx_hal_tim_ex.o(i.HAL_TIMEx_HallSensor_MspInit), (2 bytes).
    Removing stm32f1xx_hal_tim_ex.o(i.HAL_TIMEx_HallSensor_Start), (128 bytes).
    Removing stm32f1xx_hal_tim_ex.o(i.HAL_TIMEx_HallSensor_Start_DMA), (184 bytes).
    Removing stm32f1xx_hal_tim_ex.o(i.HAL_TIMEx_HallSensor_Start_IT), (140 bytes).
    Removing stm32f1xx_hal_tim_ex.o(i.HAL_TIMEx_HallSensor_Stop), (58 bytes).
    Removing stm32f1xx_hal_tim_ex.o(i.HAL_TIMEx_HallSensor_Stop_DMA), (70 bytes).
    Removing stm32f1xx_hal_tim_ex.o(i.HAL_TIMEx_HallSensor_Stop_IT), (68 bytes).
    Removing stm32f1xx_hal_tim_ex.o(i.HAL_TIMEx_OCN_Start), (152 bytes).
    Removing stm32f1xx_hal_tim_ex.o(i.HAL_TIMEx_OCN_Start_DMA), (336 bytes).
    Removing stm32f1xx_hal_tim_ex.o(i.HAL_TIMEx_OCN_Start_IT), (188 bytes).
    Removing stm32f1xx_hal_tim_ex.o(i.HAL_TIMEx_OCN_Stop), (104 bytes).
    Removing stm32f1xx_hal_tim_ex.o(i.HAL_TIMEx_OCN_Stop_DMA), (158 bytes).
    Removing stm32f1xx_hal_tim_ex.o(i.HAL_TIMEx_OCN_Stop_IT), (160 bytes).
    Removing stm32f1xx_hal_tim_ex.o(i.HAL_TIMEx_OnePulseN_Start), (100 bytes).
    Removing stm32f1xx_hal_tim_ex.o(i.HAL_TIMEx_OnePulseN_Start_IT), (120 bytes).
    Removing stm32f1xx_hal_tim_ex.o(i.HAL_TIMEx_OnePulseN_Stop), (98 bytes).
    Removing stm32f1xx_hal_tim_ex.o(i.HAL_TIMEx_OnePulseN_Stop_IT), (120 bytes).
    Removing stm32f1xx_hal_tim_ex.o(i.HAL_TIMEx_PWMN_Start), (152 bytes).
    Removing stm32f1xx_hal_tim_ex.o(i.HAL_TIMEx_PWMN_Start_DMA), (336 bytes).
    Removing stm32f1xx_hal_tim_ex.o(i.HAL_TIMEx_PWMN_Start_IT), (188 bytes).
    Removing stm32f1xx_hal_tim_ex.o(i.HAL_TIMEx_PWMN_Stop), (104 bytes).
    Removing stm32f1xx_hal_tim_ex.o(i.HAL_TIMEx_PWMN_Stop_DMA), (158 bytes).
    Removing stm32f1xx_hal_tim_ex.o(i.HAL_TIMEx_PWMN_Stop_IT), (160 bytes).
    Removing stm32f1xx_hal_tim_ex.o(i.HAL_TIMEx_RemapConfig), (4 bytes).
    Removing stm32f1xx_hal_tim_ex.o(i.TIMEx_DMACommutationCplt), (16 bytes).
    Removing stm32f1xx_hal_tim_ex.o(i.TIMEx_DMACommutationHalfCplt), (16 bytes).
    Removing stm32f1xx_hal_tim_ex.o(i.TIM_CCxNChannelCmd), (26 bytes).
    Removing stm32f1xx_hal_tim_ex.o(i.TIM_DMADelayPulseNCplt), (94 bytes).
    Removing stm32f1xx_hal_tim_ex.o(i.TIM_DMAErrorCCxN), (62 bytes).
    Removing stm32f1xx_hal_uart.o(.rev16_text), (4 bytes).
    Removing stm32f1xx_hal_uart.o(.revsh_text), (4 bytes).
    Removing stm32f1xx_hal_uart.o(.rrx_text), (6 bytes).
    Removing stm32f1xx_hal_uart.o(i.HAL_HalfDuplex_EnableReceiver), (50 bytes).
    Removing stm32f1xx_hal_uart.o(i.HAL_HalfDuplex_EnableTransmitter), (50 bytes).
    Removing stm32f1xx_hal_uart.o(i.HAL_HalfDuplex_Init), (108 bytes).
    Removing stm32f1xx_hal_uart.o(i.HAL_LIN_Init), (128 bytes).
    Removing stm32f1xx_hal_uart.o(i.HAL_LIN_SendBreak), (46 bytes).
    Removing stm32f1xx_hal_uart.o(i.HAL_MultiProcessor_EnterMuteMode), (46 bytes).
    Removing stm32f1xx_hal_uart.o(i.HAL_MultiProcessor_ExitMuteMode), (46 bytes).
    Removing stm32f1xx_hal_uart.o(i.HAL_MultiProcessor_Init), (142 bytes).
    Removing stm32f1xx_hal_uart.o(i.HAL_UARTEx_ReceiveToIdle), (254 bytes).
    Removing stm32f1xx_hal_uart.o(i.HAL_UARTEx_ReceiveToIdle_DMA), (74 bytes).
    Removing stm32f1xx_hal_uart.o(i.HAL_UARTEx_ReceiveToIdle_IT), (74 bytes).
    Removing stm32f1xx_hal_uart.o(i.HAL_UARTEx_RxEventCallback), (2 bytes).
    Removing stm32f1xx_hal_uart.o(i.HAL_UART_Abort), (156 bytes).
    Removing stm32f1xx_hal_uart.o(i.HAL_UART_AbortCpltCallback), (2 bytes).
    Removing stm32f1xx_hal_uart.o(i.HAL_UART_AbortReceive), (106 bytes).
    Removing stm32f1xx_hal_uart.o(i.HAL_UART_AbortReceiveCpltCallback), (2 bytes).
    Removing stm32f1xx_hal_uart.o(i.HAL_UART_AbortReceive_IT), (112 bytes).
    Removing stm32f1xx_hal_uart.o(i.HAL_UART_AbortTransmit), (78 bytes).
    Removing stm32f1xx_hal_uart.o(i.HAL_UART_AbortTransmitCpltCallback), (2 bytes).
    Removing stm32f1xx_hal_uart.o(i.HAL_UART_AbortTransmit_IT), (84 bytes).
    Removing stm32f1xx_hal_uart.o(i.HAL_UART_Abort_IT), (188 bytes).
    Removing stm32f1xx_hal_uart.o(i.HAL_UART_DMAPause), (102 bytes).
    Removing stm32f1xx_hal_uart.o(i.HAL_UART_DMAResume), (94 bytes).
    Removing stm32f1xx_hal_uart.o(i.HAL_UART_DMAStop), (88 bytes).
    Removing stm32f1xx_hal_uart.o(i.HAL_UART_DeInit), (52 bytes).
    Removing stm32f1xx_hal_uart.o(i.HAL_UART_ErrorCallback), (2 bytes).
    Removing stm32f1xx_hal_uart.o(i.HAL_UART_GetError), (4 bytes).
    Removing stm32f1xx_hal_uart.o(i.HAL_UART_GetState), (10 bytes).
    Removing stm32f1xx_hal_uart.o(i.HAL_UART_IRQHandler), (524 bytes).
    Removing stm32f1xx_hal_uart.o(i.HAL_UART_MspDeInit), (2 bytes).
    Removing stm32f1xx_hal_uart.o(i.HAL_UART_MspInit), (2 bytes).
    Removing stm32f1xx_hal_uart.o(i.HAL_UART_Receive), (192 bytes).
    Removing stm32f1xx_hal_uart.o(i.HAL_UART_Receive_DMA), (42 bytes).
    Removing stm32f1xx_hal_uart.o(i.HAL_UART_Receive_IT), (42 bytes).
    Removing stm32f1xx_hal_uart.o(i.HAL_UART_RxCpltCallback), (2 bytes).
    Removing stm32f1xx_hal_uart.o(i.HAL_UART_RxHalfCpltCallback), (2 bytes).
    Removing stm32f1xx_hal_uart.o(i.HAL_UART_Transmit_DMA), (128 bytes).
    Removing stm32f1xx_hal_uart.o(i.HAL_UART_Transmit_IT), (62 bytes).
    Removing stm32f1xx_hal_uart.o(i.HAL_UART_TxCpltCallback), (2 bytes).
    Removing stm32f1xx_hal_uart.o(i.HAL_UART_TxHalfCpltCallback), (2 bytes).
    Removing stm32f1xx_hal_uart.o(i.UART_DMAAbortOnError), (16 bytes).
    Removing stm32f1xx_hal_uart.o(i.UART_DMAError), (74 bytes).
    Removing stm32f1xx_hal_uart.o(i.UART_DMAReceiveCplt), (90 bytes).
    Removing stm32f1xx_hal_uart.o(i.UART_DMARxAbortCallback), (44 bytes).
    Removing stm32f1xx_hal_uart.o(i.UART_DMARxHalfCplt), (26 bytes).
    Removing stm32f1xx_hal_uart.o(i.UART_DMARxOnlyAbortCallback), (22 bytes).
    Removing stm32f1xx_hal_uart.o(i.UART_DMATransmitCplt), (46 bytes).
    Removing stm32f1xx_hal_uart.o(i.UART_DMATxAbortCallback), (44 bytes).
    Removing stm32f1xx_hal_uart.o(i.UART_DMATxHalfCplt), (10 bytes).
    Removing stm32f1xx_hal_uart.o(i.UART_DMATxOnlyAbortCallback), (20 bytes).
    Removing stm32f1xx_hal_uart.o(i.UART_EndRxTransfer), (48 bytes).
    Removing stm32f1xx_hal_uart.o(i.UART_EndTxTransfer), (18 bytes).
    Removing stm32f1xx_hal_uart.o(i.UART_Receive_IT), (182 bytes).
    Removing stm32f1xx_hal_uart.o(i.UART_Start_Receive_DMA), (112 bytes).
    Removing stm32f1xx_hal_uart.o(i.UART_Start_Receive_IT), (54 bytes).
    Removing system_stm32f1xx.o(.rev16_text), (4 bytes).
    Removing system_stm32f1xx.o(.revsh_text), (4 bytes).
    Removing system_stm32f1xx.o(.rrx_text), (6 bytes).
    Removing system_stm32f1xx.o(i.SystemCoreClockUpdate), (104 bytes).
    Removing tft.o(.rev16_text), (4 bytes).
    Removing tft.o(.revsh_text), (4 bytes).
    Removing tft.o(.rrx_text), (6 bytes).
    Removing tft.o(i.Display_ASCII8X16), (132 bytes).
    Removing tft.o(i.PutPixel), (22 bytes).
    Removing delay.o(.rev16_text), (4 bytes).
    Removing delay.o(.revsh_text), (4 bytes).
    Removing delay.o(.rrx_text), (6 bytes).
    Removing at24c02.o(.rev16_text), (4 bytes).
    Removing at24c02.o(.revsh_text), (4 bytes).
    Removing at24c02.o(.rrx_text), (6 bytes).
    Removing iic.o(.rev16_text), (4 bytes).
    Removing iic.o(.revsh_text), (4 bytes).
    Removing iic.o(.rrx_text), (6 bytes).
    Removing iic.o(i.IIC_Wait_Ack), (92 bytes).
    Removing key.o(.rev16_text), (4 bytes).
    Removing key.o(.revsh_text), (4 bytes).
    Removing key.o(.rrx_text), (6 bytes).
    Removing key.o(.data), (1 bytes).
    Removing dadd.o(.text), (334 bytes).
    Removing dmul.o(.text), (228 bytes).
    Removing ddiv.o(.text), (222 bytes).
    Removing dfixul.o(.text), (48 bytes).
    Removing cdrcmple.o(.text), (48 bytes).
    Removing depilogue.o(.text), (186 bytes).

438 unused section(s) (total 28439 bytes) removed from the image.

==============================================================================

Image Symbol Table

    Local Symbols

    Symbol Name                              Value     Ov Type        Size  Object(Section)

    ../Core/Src/gpio.c                       0x00000000   Number         0  gpio.o ABSOLUTE
    ../Core/Src/main.c                       0x00000000   Number         0  main.o ABSOLUTE
    ../Core/Src/rtc.c                        0x00000000   Number         0  rtc.o ABSOLUTE
    ../Core/Src/stm32f1xx_hal_msp.c          0x00000000   Number         0  stm32f1xx_hal_msp.o ABSOLUTE
    ../Core/Src/stm32f1xx_it.c               0x00000000   Number         0  stm32f1xx_it.o ABSOLUTE
    ../Core/Src/system_stm32f1xx.c           0x00000000   Number         0  system_stm32f1xx.o ABSOLUTE
    ../Core/Src/tim.c                        0x00000000   Number         0  tim.o ABSOLUTE
    ../Core/Src/usart.c                      0x00000000   Number         0  usart.o ABSOLUTE
    ../Drivers/STM32F1xx_HAL_Driver/Src/stm32f1xx_hal.c 0x00000000   Number         0  stm32f1xx_hal.o ABSOLUTE
    ../Drivers/STM32F1xx_HAL_Driver/Src/stm32f1xx_hal_cortex.c 0x00000000   Number         0  stm32f1xx_hal_cortex.o ABSOLUTE
    ../Drivers/STM32F1xx_HAL_Driver/Src/stm32f1xx_hal_dma.c 0x00000000   Number         0  stm32f1xx_hal_dma.o ABSOLUTE
    ../Drivers/STM32F1xx_HAL_Driver/Src/stm32f1xx_hal_exti.c 0x00000000   Number         0  stm32f1xx_hal_exti.o ABSOLUTE
    ../Drivers/STM32F1xx_HAL_Driver/Src/stm32f1xx_hal_flash.c 0x00000000   Number         0  stm32f1xx_hal_flash.o ABSOLUTE
    ../Drivers/STM32F1xx_HAL_Driver/Src/stm32f1xx_hal_flash_ex.c 0x00000000   Number         0  stm32f1xx_hal_flash_ex.o ABSOLUTE
    ../Drivers/STM32F1xx_HAL_Driver/Src/stm32f1xx_hal_gpio.c 0x00000000   Number         0  stm32f1xx_hal_gpio.o ABSOLUTE
    ../Drivers/STM32F1xx_HAL_Driver/Src/stm32f1xx_hal_gpio_ex.c 0x00000000   Number         0  stm32f1xx_hal_gpio_ex.o ABSOLUTE
    ../Drivers/STM32F1xx_HAL_Driver/Src/stm32f1xx_hal_pwr.c 0x00000000   Number         0  stm32f1xx_hal_pwr.o ABSOLUTE
    ../Drivers/STM32F1xx_HAL_Driver/Src/stm32f1xx_hal_rcc.c 0x00000000   Number         0  stm32f1xx_hal_rcc.o ABSOLUTE
    ../Drivers/STM32F1xx_HAL_Driver/Src/stm32f1xx_hal_rcc_ex.c 0x00000000   Number         0  stm32f1xx_hal_rcc_ex.o ABSOLUTE
    ../Drivers/STM32F1xx_HAL_Driver/Src/stm32f1xx_hal_rtc.c 0x00000000   Number         0  stm32f1xx_hal_rtc.o ABSOLUTE
    ../Drivers/STM32F1xx_HAL_Driver/Src/stm32f1xx_hal_rtc_ex.c 0x00000000   Number         0  stm32f1xx_hal_rtc_ex.o ABSOLUTE
    ../Drivers/STM32F1xx_HAL_Driver/Src/stm32f1xx_hal_tim.c 0x00000000   Number         0  stm32f1xx_hal_tim.o ABSOLUTE
    ../Drivers/STM32F1xx_HAL_Driver/Src/stm32f1xx_hal_tim_ex.c 0x00000000   Number         0  stm32f1xx_hal_tim_ex.o ABSOLUTE
    ../Drivers/STM32F1xx_HAL_Driver/Src/stm32f1xx_hal_uart.c 0x00000000   Number         0  stm32f1xx_hal_uart.o ABSOLUTE
    ../clib/microlib/division.c              0x00000000   Number         0  uidiv.o ABSOLUTE
    ../clib/microlib/division.c              0x00000000   Number         0  uldiv.o ABSOLUTE
    ../clib/microlib/init/entry.s            0x00000000   Number         0  entry8a.o ABSOLUTE
    ../clib/microlib/init/entry.s            0x00000000   Number         0  entry7b.o ABSOLUTE
    ../clib/microlib/init/entry.s            0x00000000   Number         0  entry7a.o ABSOLUTE
    ../clib/microlib/init/entry.s            0x00000000   Number         0  entry9b.o ABSOLUTE
    ../clib/microlib/init/entry.s            0x00000000   Number         0  entry5.o ABSOLUTE
    ../clib/microlib/init/entry.s            0x00000000   Number         0  entry2.o ABSOLUTE
    ../clib/microlib/init/entry.s            0x00000000   Number         0  entry9a.o ABSOLUTE
    ../clib/microlib/init/entry.s            0x00000000   Number         0  entry11a.o ABSOLUTE
    ../clib/microlib/init/entry.s            0x00000000   Number         0  entry8b.o ABSOLUTE
    ../clib/microlib/init/entry.s            0x00000000   Number         0  entry.o ABSOLUTE
    ../clib/microlib/init/entry.s            0x00000000   Number         0  entry11b.o ABSOLUTE
    ../clib/microlib/init/entry.s            0x00000000   Number         0  entry10b.o ABSOLUTE
    ../clib/microlib/init/entry.s            0x00000000   Number         0  entry10a.o ABSOLUTE
    ../clib/microlib/longlong.c              0x00000000   Number         0  llsshr.o ABSOLUTE
    ../clib/microlib/longlong.c              0x00000000   Number         0  llushr.o ABSOLUTE
    ../clib/microlib/longlong.c              0x00000000   Number         0  llshl.o ABSOLUTE
    ../clib/microlib/printf/printf.c         0x00000000   Number         0  printf0.o ABSOLUTE
    ../clib/microlib/printf/printf.c         0x00000000   Number         0  printf5.o ABSOLUTE
    ../clib/microlib/printf/printf.c         0x00000000   Number         0  printf6.o ABSOLUTE
    ../clib/microlib/printf/printf.c         0x00000000   Number         0  printf7.o ABSOLUTE
    ../clib/microlib/printf/printf.c         0x00000000   Number         0  printf8.o ABSOLUTE
    ../clib/microlib/printf/printf.c         0x00000000   Number         0  printfb.o ABSOLUTE
    ../clib/microlib/printf/printf.c         0x00000000   Number         0  printf1.o ABSOLUTE
    ../clib/microlib/printf/printf.c         0x00000000   Number         0  printf2.o ABSOLUTE
    ../clib/microlib/printf/printf.c         0x00000000   Number         0  printfa.o ABSOLUTE
    ../clib/microlib/printf/printf.c         0x00000000   Number         0  printf3.o ABSOLUTE
    ../clib/microlib/printf/printf.c         0x00000000   Number         0  printf4.o ABSOLUTE
    ../clib/microlib/printf/stubs.s          0x00000000   Number         0  stubs.o ABSOLUTE
    ../clib/microlib/stdio/fputc.c           0x00000000   Number         0  fputc.o ABSOLUTE
    ../clib/microlib/stdio/semi.s            0x00000000   Number         0  semi.o ABSOLUTE
    ../clib/microlib/stdio/streams.c         0x00000000   Number         0  stdout.o ABSOLUTE
    ../clib/microlib/string/memset.c         0x00000000   Number         0  memseta.o ABSOLUTE
    ../clib/microlib/string/strlen.c         0x00000000   Number         0  strlen.o ABSOLUTE
    ../clib/microlib/stubs.s                 0x00000000   Number         0  iusesemip.o ABSOLUTE
    ../clib/microlib/stubs.s                 0x00000000   Number         0  iusefp.o ABSOLUTE
    ../fplib/microlib/fpadd.c                0x00000000   Number         0  dadd.o ABSOLUTE
    ../fplib/microlib/fpdiv.c                0x00000000   Number         0  ddiv.o ABSOLUTE
    ../fplib/microlib/fpepilogue.c           0x00000000   Number         0  depilogue.o ABSOLUTE
    ../fplib/microlib/fpfix.c                0x00000000   Number         0  dfixul.o ABSOLUTE
    ../fplib/microlib/fpmul.c                0x00000000   Number         0  dmul.o ABSOLUTE
    ..\Core\Src\gpio.c                       0x00000000   Number         0  gpio.o ABSOLUTE
    ..\Core\Src\main.c                       0x00000000   Number         0  main.o ABSOLUTE
    ..\Core\Src\rtc.c                        0x00000000   Number         0  rtc.o ABSOLUTE
    ..\Core\Src\stm32f1xx_hal_msp.c          0x00000000   Number         0  stm32f1xx_hal_msp.o ABSOLUTE
    ..\Core\Src\stm32f1xx_it.c               0x00000000   Number         0  stm32f1xx_it.o ABSOLUTE
    ..\Core\Src\system_stm32f1xx.c           0x00000000   Number         0  system_stm32f1xx.o ABSOLUTE
    ..\Core\Src\tim.c                        0x00000000   Number         0  tim.o ABSOLUTE
    ..\Core\Src\usart.c                      0x00000000   Number         0  usart.o ABSOLUTE
    ..\Drivers\STM32F1xx_HAL_Driver\Src\stm32f1xx_hal.c 0x00000000   Number         0  stm32f1xx_hal.o ABSOLUTE
    ..\Drivers\STM32F1xx_HAL_Driver\Src\stm32f1xx_hal_cortex.c 0x00000000   Number         0  stm32f1xx_hal_cortex.o ABSOLUTE
    ..\Drivers\STM32F1xx_HAL_Driver\Src\stm32f1xx_hal_dma.c 0x00000000   Number         0  stm32f1xx_hal_dma.o ABSOLUTE
    ..\Drivers\STM32F1xx_HAL_Driver\Src\stm32f1xx_hal_exti.c 0x00000000   Number         0  stm32f1xx_hal_exti.o ABSOLUTE
    ..\Drivers\STM32F1xx_HAL_Driver\Src\stm32f1xx_hal_flash.c 0x00000000   Number         0  stm32f1xx_hal_flash.o ABSOLUTE
    ..\Drivers\STM32F1xx_HAL_Driver\Src\stm32f1xx_hal_flash_ex.c 0x00000000   Number         0  stm32f1xx_hal_flash_ex.o ABSOLUTE
    ..\Drivers\STM32F1xx_HAL_Driver\Src\stm32f1xx_hal_gpio.c 0x00000000   Number         0  stm32f1xx_hal_gpio.o ABSOLUTE
    ..\Drivers\STM32F1xx_HAL_Driver\Src\stm32f1xx_hal_gpio_ex.c 0x00000000   Number         0  stm32f1xx_hal_gpio_ex.o ABSOLUTE
    ..\Drivers\STM32F1xx_HAL_Driver\Src\stm32f1xx_hal_pwr.c 0x00000000   Number         0  stm32f1xx_hal_pwr.o ABSOLUTE
    ..\Drivers\STM32F1xx_HAL_Driver\Src\stm32f1xx_hal_rcc.c 0x00000000   Number         0  stm32f1xx_hal_rcc.o ABSOLUTE
    ..\Drivers\STM32F1xx_HAL_Driver\Src\stm32f1xx_hal_rcc_ex.c 0x00000000   Number         0  stm32f1xx_hal_rcc_ex.o ABSOLUTE
    ..\Drivers\STM32F1xx_HAL_Driver\Src\stm32f1xx_hal_rtc.c 0x00000000   Number         0  stm32f1xx_hal_rtc.o ABSOLUTE
    ..\Drivers\STM32F1xx_HAL_Driver\Src\stm32f1xx_hal_rtc_ex.c 0x00000000   Number         0  stm32f1xx_hal_rtc_ex.o ABSOLUTE
    ..\Drivers\STM32F1xx_HAL_Driver\Src\stm32f1xx_hal_tim.c 0x00000000   Number         0  stm32f1xx_hal_tim.o ABSOLUTE
    ..\Drivers\STM32F1xx_HAL_Driver\Src\stm32f1xx_hal_tim_ex.c 0x00000000   Number         0  stm32f1xx_hal_tim_ex.o ABSOLUTE
    ..\Drivers\STM32F1xx_HAL_Driver\Src\stm32f1xx_hal_uart.c 0x00000000   Number         0  stm32f1xx_hal_uart.o ABSOLUTE
    ..\HAL\24c02\at24c02.c                   0x00000000   Number         0  at24c02.o ABSOLUTE
    ..\HAL\TFT\TFT.c                         0x00000000   Number         0  tft.o ABSOLUTE
    ..\HAL\delay\delay.c                     0x00000000   Number         0  delay.o ABSOLUTE
    ..\HAL\iic\iic.c                         0x00000000   Number         0  iic.o ABSOLUTE
    ..\HAL\key\key.c                         0x00000000   Number         0  key.o ABSOLUTE
    ..\\HAL\\24c02\\at24c02.c                0x00000000   Number         0  at24c02.o ABSOLUTE
    ..\\HAL\\TFT\\TFT.c                      0x00000000   Number         0  tft.o ABSOLUTE
    ..\\HAL\\delay\\delay.c                  0x00000000   Number         0  delay.o ABSOLUTE
    ..\\HAL\\iic\\iic.c                      0x00000000   Number         0  iic.o ABSOLUTE
    ..\\HAL\\key\\key.c                      0x00000000   Number         0  key.o ABSOLUTE
    cdrcmple.s                               0x00000000   Number         0  cdrcmple.o ABSOLUTE
    dc.s                                     0x00000000   Number         0  dc.o ABSOLUTE
    handlers.s                               0x00000000   Number         0  handlers.o ABSOLUTE
    init.s                                   0x00000000   Number         0  init.o ABSOLUTE
    startup_stm32f103xb.s                    0x00000000   Number         0  startup_stm32f103xb.o ABSOLUTE
    RESET                                    0x08000000   Section      236  startup_stm32f103xb.o(RESET)
    .ARM.Collect$$$$00000000                 0x080000ec   Section        0  entry.o(.ARM.Collect$$$$00000000)
    .ARM.Collect$$$$00000001                 0x080000ec   Section        4  entry2.o(.ARM.Collect$$$$00000001)
    .ARM.Collect$$$$00000004                 0x080000f0   Section        4  entry5.o(.ARM.Collect$$$$00000004)
    .ARM.Collect$$$$00000008                 0x080000f4   Section        0  entry7b.o(.ARM.Collect$$$$00000008)
    .ARM.Collect$$$$0000000A                 0x080000f4   Section        0  entry8b.o(.ARM.Collect$$$$0000000A)
    .ARM.Collect$$$$0000000B                 0x080000f4   Section        8  entry9a.o(.ARM.Collect$$$$0000000B)
    .ARM.Collect$$$$0000000D                 0x080000fc   Section        0  entry10a.o(.ARM.Collect$$$$0000000D)
    .ARM.Collect$$$$0000000F                 0x080000fc   Section        0  entry11a.o(.ARM.Collect$$$$0000000F)
    .ARM.Collect$$$$00002712                 0x080000fc   Section        4  entry2.o(.ARM.Collect$$$$00002712)
    __lit__00000000                          0x080000fc   Data           4  entry2.o(.ARM.Collect$$$$00002712)
    .text                                    0x08000100   Section       36  startup_stm32f103xb.o(.text)
    .text                                    0x08000124   Section        0  memseta.o(.text)
    .text                                    0x08000148   Section        0  uidiv.o(.text)
    .text                                    0x08000174   Section       36  init.o(.text)
    i.At24c02_Read_Add                       0x08000198   Section        0  at24c02.o(i.At24c02_Read_Add)
    i.At24c02_Write_Add                      0x080001d8   Section        0  at24c02.o(i.At24c02_Write_Add)
    i.BusFault_Handler                       0x08000208   Section        0  stm32f1xx_it.o(i.BusFault_Handler)
    i.Chiclet_Keyboard_Scan                  0x0800020c   Section        0  key.o(i.Chiclet_Keyboard_Scan)
    i.DebugMon_Handler                       0x08000334   Section        0  stm32f1xx_it.o(i.DebugMon_Handler)
    i.Display_ASCII8X16_Color                0x08000338   Section        0  tft.o(i.Display_ASCII8X16_Color)
    i.Display_function                       0x080003a8   Section        0  main.o(i.Display_function)
    i.EXTI9_5_IRQHandler                     0x08000628   Section        0  stm32f1xx_it.o(i.EXTI9_5_IRQHandler)
    i.Error_Handler                          0x0800062e   Section        0  main.o(i.Error_Handler)
    i.Fast_DrawFont_GBK16                    0x08000634   Section        0  tft.o(i.Fast_DrawFont_GBK16)
    i.HAL_Delay                              0x080006d0   Section        0  stm32f1xx_hal.o(i.HAL_Delay)
    i.HAL_GPIO_EXTI_Callback                 0x080006f4   Section        0  main.o(i.HAL_GPIO_EXTI_Callback)
    i.HAL_GPIO_EXTI_IRQHandler               0x08000708   Section        0  stm32f1xx_hal_gpio.o(i.HAL_GPIO_EXTI_IRQHandler)
    i.HAL_GPIO_Init                          0x08000720   Section        0  stm32f1xx_hal_gpio.o(i.HAL_GPIO_Init)
    i.HAL_GPIO_ReadPin                       0x08000900   Section        0  stm32f1xx_hal_gpio.o(i.HAL_GPIO_ReadPin)
    i.HAL_GPIO_WritePin                      0x0800090a   Section        0  stm32f1xx_hal_gpio.o(i.HAL_GPIO_WritePin)
    i.HAL_GetTick                            0x08000914   Section        0  stm32f1xx_hal.o(i.HAL_GetTick)
    i.HAL_IncTick                            0x08000920   Section        0  stm32f1xx_hal.o(i.HAL_IncTick)
    i.HAL_Init                               0x08000930   Section        0  stm32f1xx_hal.o(i.HAL_Init)
    i.HAL_InitTick                           0x08000954   Section        0  stm32f1xx_hal.o(i.HAL_InitTick)
    i.HAL_MspInit                            0x08000994   Section        0  stm32f1xx_hal_msp.o(i.HAL_MspInit)
    i.HAL_NVIC_EnableIRQ                     0x080009d0   Section        0  stm32f1xx_hal_cortex.o(i.HAL_NVIC_EnableIRQ)
    i.HAL_NVIC_SetPriority                   0x080009ec   Section        0  stm32f1xx_hal_cortex.o(i.HAL_NVIC_SetPriority)
    i.HAL_NVIC_SetPriorityGrouping           0x08000a2c   Section        0  stm32f1xx_hal_cortex.o(i.HAL_NVIC_SetPriorityGrouping)
    i.HAL_PWR_EnableBkUpAccess               0x08000a50   Section        0  stm32f1xx_hal_pwr.o(i.HAL_PWR_EnableBkUpAccess)
    i.HAL_RCCEx_GetPeriphCLKFreq             0x08000a5c   Section        0  stm32f1xx_hal_rcc_ex.o(i.HAL_RCCEx_GetPeriphCLKFreq)
    i.HAL_RCCEx_PeriphCLKConfig              0x08000b24   Section        0  stm32f1xx_hal_rcc_ex.o(i.HAL_RCCEx_PeriphCLKConfig)
    i.HAL_RCC_ClockConfig                    0x08000c10   Section        0  stm32f1xx_hal_rcc.o(i.HAL_RCC_ClockConfig)
    i.HAL_RCC_GetPCLK1Freq                   0x08000d3c   Section        0  stm32f1xx_hal_rcc.o(i.HAL_RCC_GetPCLK1Freq)
    i.HAL_RCC_GetPCLK2Freq                   0x08000d5c   Section        0  stm32f1xx_hal_rcc.o(i.HAL_RCC_GetPCLK2Freq)
    i.HAL_RCC_GetSysClockFreq                0x08000d7c   Section        0  stm32f1xx_hal_rcc.o(i.HAL_RCC_GetSysClockFreq)
    i.HAL_RCC_OscConfig                      0x08000de8   Section        0  stm32f1xx_hal_rcc.o(i.HAL_RCC_OscConfig)
    i.HAL_RTCEx_BKUPRead                     0x08001108   Section        0  stm32f1xx_hal_rtc_ex.o(i.HAL_RTCEx_BKUPRead)
    i.HAL_RTCEx_BKUPWrite                    0x08001118   Section        0  stm32f1xx_hal_rtc_ex.o(i.HAL_RTCEx_BKUPWrite)
    i.HAL_RTC_GetTime                        0x08001128   Section        0  stm32f1xx_hal_rtc.o(i.HAL_RTC_GetTime)
    i.HAL_RTC_Init                           0x08001200   Section        0  stm32f1xx_hal_rtc.o(i.HAL_RTC_Init)
    i.HAL_RTC_MspInit                        0x080012a0   Section        0  rtc.o(i.HAL_RTC_MspInit)
    i.HAL_RTC_SetDate                        0x080012d4   Section        0  stm32f1xx_hal_rtc.o(i.HAL_RTC_SetDate)
    i.HAL_RTC_SetTime                        0x08001398   Section        0  stm32f1xx_hal_rtc.o(i.HAL_RTC_SetTime)
    i.HAL_RTC_WaitForSynchro                 0x08001444   Section        0  stm32f1xx_hal_rtc.o(i.HAL_RTC_WaitForSynchro)
    i.HAL_SYSTICK_Config                     0x0800147e   Section        0  stm32f1xx_hal_cortex.o(i.HAL_SYSTICK_Config)
    i.HAL_TIMEx_BreakCallback                0x080014a6   Section        0  stm32f1xx_hal_tim_ex.o(i.HAL_TIMEx_BreakCallback)
    i.HAL_TIMEx_CommutCallback               0x080014a8   Section        0  stm32f1xx_hal_tim_ex.o(i.HAL_TIMEx_CommutCallback)
    i.HAL_TIMEx_MasterConfigSynchronization  0x080014ac   Section        0  stm32f1xx_hal_tim_ex.o(i.HAL_TIMEx_MasterConfigSynchronization)
    i.HAL_TIM_Base_Init                      0x08001514   Section        0  stm32f1xx_hal_tim.o(i.HAL_TIM_Base_Init)
    i.HAL_TIM_Base_MspInit                   0x08001570   Section        0  tim.o(i.HAL_TIM_Base_MspInit)
    i.HAL_TIM_Base_Start_IT                  0x080015ac   Section        0  stm32f1xx_hal_tim.o(i.HAL_TIM_Base_Start_IT)
    i.HAL_TIM_ConfigClockSource              0x08001604   Section        0  stm32f1xx_hal_tim.o(i.HAL_TIM_ConfigClockSource)
    i.HAL_TIM_IC_CaptureCallback             0x080016da   Section        0  stm32f1xx_hal_tim.o(i.HAL_TIM_IC_CaptureCallback)
    i.HAL_TIM_IRQHandler                     0x080016dc   Section        0  stm32f1xx_hal_tim.o(i.HAL_TIM_IRQHandler)
    i.HAL_TIM_OC_DelayElapsedCallback        0x08001842   Section        0  stm32f1xx_hal_tim.o(i.HAL_TIM_OC_DelayElapsedCallback)
    i.HAL_TIM_PWM_PulseFinishedCallback      0x08001844   Section        0  stm32f1xx_hal_tim.o(i.HAL_TIM_PWM_PulseFinishedCallback)
    i.HAL_TIM_PeriodElapsedCallback          0x08001848   Section        0  main.o(i.HAL_TIM_PeriodElapsedCallback)
    i.HAL_TIM_TriggerCallback                0x080018dc   Section        0  stm32f1xx_hal_tim.o(i.HAL_TIM_TriggerCallback)
    i.HAL_UART_Init                          0x080018de   Section        0  stm32f1xx_hal_uart.o(i.HAL_UART_Init)
    i.HAL_UART_MspInit                       0x08001940   Section        0  usart.o(i.HAL_UART_MspInit)
    i.HAL_UART_Transmit                      0x080019ec   Section        0  stm32f1xx_hal_uart.o(i.HAL_UART_Transmit)
    i.HardFault_Handler                      0x08001a9e   Section        0  stm32f1xx_it.o(i.HardFault_Handler)
    i.IIC_Ack                                0x08001aa0   Section        0  iic.o(i.IIC_Ack)
    i.IIC_GPIO_Init                          0x08001ae4   Section        0  iic.o(i.IIC_GPIO_Init)
    i.IIC_NAck                               0x08001b40   Section        0  iic.o(i.IIC_NAck)
    i.IIC_Read_Byte                          0x08001b84   Section        0  iic.o(i.IIC_Read_Byte)
    i.IIC_Send_Byte                          0x08001bec   Section        0  iic.o(i.IIC_Send_Byte)
    i.IIC_Start                              0x08001c54   Section        0  iic.o(i.IIC_Start)
    i.IIC_Stop                               0x08001c98   Section        0  iic.o(i.IIC_Stop)
    i.Key_function                           0x08001cdc   Section        0  main.o(i.Key_function)
    i.LCD_Clean_Half                         0x08002030   Section        0  main.o(i.LCD_Clean_Half)
    i.LCD_Dis_Init                           0x08002060   Section        0  main.o(i.LCD_Dis_Init)
    i.LCD_WriteData_16Bit                    0x080021b0   Section        0  tft.o(i.LCD_WriteData_16Bit)
    i.Lcd_DrawLine                           0x080021f0   Section        0  tft.o(i.Lcd_DrawLine)
    i.Lcd_SetRegion                          0x0800221a   Section        0  tft.o(i.Lcd_SetRegion)
    i.Lcd_WriteData                          0x08002274   Section        0  tft.o(i.Lcd_WriteData)
    i.Lcd_WriteIndex                         0x080022ac   Section        0  tft.o(i.Lcd_WriteIndex)
    i.MX_GPIO_Init                           0x080022e4   Section        0  gpio.o(i.MX_GPIO_Init)
    i.MX_RTC_Init                            0x080023e4   Section        0  rtc.o(i.MX_RTC_Init)
    i.MX_TIM1_Init                           0x080024d8   Section        0  tim.o(i.MX_TIM1_Init)
    i.MX_USART1_UART_Init                    0x08002540   Section        0  usart.o(i.MX_USART1_UART_Init)
    i.MX_USART2_UART_Init                    0x08002578   Section        0  usart.o(i.MX_USART2_UART_Init)
    i.MemManage_Handler                      0x080025b0   Section        0  stm32f1xx_it.o(i.MemManage_Handler)
    i.Monitor_function                       0x080025b4   Section        0  main.o(i.Monitor_function)
    i.NMI_Handler                            0x08002870   Section        0  stm32f1xx_it.o(i.NMI_Handler)
    i.PendSV_Handler                         0x08002872   Section        0  stm32f1xx_it.o(i.PendSV_Handler)
    i.RTC_Bcd2ToByte                         0x08002874   Section        0  stm32f1xx_hal_rtc.o(i.RTC_Bcd2ToByte)
    RTC_Bcd2ToByte                           0x08002875   Thumb Code    18  stm32f1xx_hal_rtc.o(i.RTC_Bcd2ToByte)
    i.RTC_ByteToBcd2                         0x08002886   Section        0  stm32f1xx_hal_rtc.o(i.RTC_ByteToBcd2)
    RTC_ByteToBcd2                           0x08002887   Thumb Code    22  stm32f1xx_hal_rtc.o(i.RTC_ByteToBcd2)
    i.RTC_DateUpdate                         0x0800289c   Section        0  stm32f1xx_hal_rtc.o(i.RTC_DateUpdate)
    RTC_DateUpdate                           0x0800289d   Thumb Code   174  stm32f1xx_hal_rtc.o(i.RTC_DateUpdate)
    i.RTC_EnterInitMode                      0x0800294a   Section        0  stm32f1xx_hal_rtc.o(i.RTC_EnterInitMode)
    RTC_EnterInitMode                        0x0800294b   Thumb Code    52  stm32f1xx_hal_rtc.o(i.RTC_EnterInitMode)
    i.RTC_ExitInitMode                       0x08002980   Section        0  stm32f1xx_hal_rtc.o(i.RTC_ExitInitMode)
    RTC_ExitInitMode                         0x08002981   Thumb Code    54  stm32f1xx_hal_rtc.o(i.RTC_ExitInitMode)
    i.RTC_ReadAlarmCounter                   0x080029b6   Section        0  stm32f1xx_hal_rtc.o(i.RTC_ReadAlarmCounter)
    RTC_ReadAlarmCounter                     0x080029b7   Thumb Code    14  stm32f1xx_hal_rtc.o(i.RTC_ReadAlarmCounter)
    i.RTC_ReadTimeCounter                    0x080029c4   Section        0  stm32f1xx_hal_rtc.o(i.RTC_ReadTimeCounter)
    RTC_ReadTimeCounter                      0x080029c5   Thumb Code    32  stm32f1xx_hal_rtc.o(i.RTC_ReadTimeCounter)
    i.RTC_WeekDayNum                         0x080029e4   Section        0  stm32f1xx_hal_rtc.o(i.RTC_WeekDayNum)
    RTC_WeekDayNum                           0x080029e5   Thumb Code    86  stm32f1xx_hal_rtc.o(i.RTC_WeekDayNum)
    i.RTC_WriteAlarmCounter                  0x08002a3a   Section        0  stm32f1xx_hal_rtc.o(i.RTC_WriteAlarmCounter)
    RTC_WriteAlarmCounter                    0x08002a3b   Thumb Code    40  stm32f1xx_hal_rtc.o(i.RTC_WriteAlarmCounter)
    i.RTC_WriteTimeCounter                   0x08002a62   Section        0  stm32f1xx_hal_rtc.o(i.RTC_WriteTimeCounter)
    RTC_WriteTimeCounter                     0x08002a63   Thumb Code    40  stm32f1xx_hal_rtc.o(i.RTC_WriteTimeCounter)
    i.Reset                                  0x08002a8c   Section        0  tft.o(i.Reset)
    i.SDA_IN                                 0x08002abc   Section        0  iic.o(i.SDA_IN)
    i.SDA_OUT                                0x08002ad8   Section        0  iic.o(i.SDA_OUT)
    i.SPI_WriteData                          0x08002af4   Section        0  tft.o(i.SPI_WriteData)
    i.SVC_Handler                            0x08002b34   Section        0  stm32f1xx_it.o(i.SVC_Handler)
    i.SysTick_Handler                        0x08002b36   Section        0  stm32f1xx_it.o(i.SysTick_Handler)
    i.SystemClock_Config                     0x08002b3a   Section        0  main.o(i.SystemClock_Config)
    i.SystemInit                             0x08002bb6   Section        0  system_stm32f1xx.o(i.SystemInit)
    i.TFT_GPIO_Init                          0x08002bb8   Section        0  tft.o(i.TFT_GPIO_Init)
    i.TIM1_UP_IRQHandler                     0x08002ca0   Section        0  stm32f1xx_it.o(i.TIM1_UP_IRQHandler)
    i.TIM_Base_SetConfig                     0x08002cac   Section        0  stm32f1xx_hal_tim.o(i.TIM_Base_SetConfig)
    i.TIM_ETR_SetConfig                      0x08002d18   Section        0  stm32f1xx_hal_tim.o(i.TIM_ETR_SetConfig)
    i.TIM_ITRx_SetConfig                     0x08002d2c   Section        0  stm32f1xx_hal_tim.o(i.TIM_ITRx_SetConfig)
    TIM_ITRx_SetConfig                       0x08002d2d   Thumb Code    16  stm32f1xx_hal_tim.o(i.TIM_ITRx_SetConfig)
    i.TIM_TI1_ConfigInputStage               0x08002d3c   Section        0  stm32f1xx_hal_tim.o(i.TIM_TI1_ConfigInputStage)
    TIM_TI1_ConfigInputStage                 0x08002d3d   Thumb Code    34  stm32f1xx_hal_tim.o(i.TIM_TI1_ConfigInputStage)
    i.TIM_TI2_ConfigInputStage               0x08002d5e   Section        0  stm32f1xx_hal_tim.o(i.TIM_TI2_ConfigInputStage)
    TIM_TI2_ConfigInputStage                 0x08002d5f   Thumb Code    36  stm32f1xx_hal_tim.o(i.TIM_TI2_ConfigInputStage)
    i.UART_SetConfig                         0x08002d84   Section        0  stm32f1xx_hal_uart.o(i.UART_SetConfig)
    UART_SetConfig                           0x08002d85   Thumb Code   178  stm32f1xx_hal_uart.o(i.UART_SetConfig)
    i.UART_WaitOnFlagUntilTimeout            0x08002e3c   Section        0  stm32f1xx_hal_uart.o(i.UART_WaitOnFlagUntilTimeout)
    UART_WaitOnFlagUntilTimeout              0x08002e3d   Thumb Code   100  stm32f1xx_hal_uart.o(i.UART_WaitOnFlagUntilTimeout)
    i.UsageFault_Handler                     0x08002ea0   Section        0  stm32f1xx_it.o(i.UsageFault_Handler)
    i.__0sprintf$6                           0x08002ea4   Section        0  printf6.o(i.__0sprintf$6)
    i.__NVIC_SetPriority                     0x08002ecc   Section        0  stm32f1xx_hal_cortex.o(i.__NVIC_SetPriority)
    __NVIC_SetPriority                       0x08002ecd   Thumb Code    32  stm32f1xx_hal_cortex.o(i.__NVIC_SetPriority)
    i.__scatterload_copy                     0x08002eec   Section       14  handlers.o(i.__scatterload_copy)
    i.__scatterload_null                     0x08002efa   Section        2  handlers.o(i.__scatterload_null)
    i.__scatterload_zeroinit                 0x08002efc   Section       14  handlers.o(i.__scatterload_zeroinit)
    i._printf_core                           0x08002f0c   Section        0  printf6.o(i._printf_core)
    _printf_core                             0x08002f0d   Thumb Code   748  printf6.o(i._printf_core)
    i._printf_post_padding                   0x080031fc   Section        0  printf6.o(i._printf_post_padding)
    _printf_post_padding                     0x080031fd   Thumb Code    36  printf6.o(i._printf_post_padding)
    i._printf_pre_padding                    0x08003220   Section        0  printf6.o(i._printf_pre_padding)
    _printf_pre_padding                      0x08003221   Thumb Code    46  printf6.o(i._printf_pre_padding)
    i._sputc                                 0x0800324e   Section        0  printf6.o(i._sputc)
    _sputc                                   0x0800324f   Thumb Code    10  printf6.o(i._sputc)
    i.delay_us                               0x08003258   Section        0  delay.o(i.delay_us)
    i.dsp_single_colour                      0x0800329a   Section        0  tft.o(i.dsp_single_colour)
    i.lcd_initial                            0x080032c8   Section        0  tft.o(i.lcd_initial)
    i.main                                   0x080034f8   Section        0  main.o(i.main)
    .constdata                               0x08003580   Section       16  system_stm32f1xx.o(.constdata)
    .constdata                               0x08003590   Section        8  system_stm32f1xx.o(.constdata)
    .constdata                               0x08003598   Section     5491  tft.o(.constdata)
    .data                                    0x20000000   Section       32  main.o(.data)
    .data                                    0x20000020   Section       12  stm32f1xx_hal.o(.data)
    .data                                    0x2000002c   Section        4  system_stm32f1xx.o(.data)
    .data                                    0x20000030   Section        1  key.o(.data)
    .bss                                     0x20000034   Section      515  main.o(.bss)
    .bss                                     0x20000238   Section       20  rtc.o(.bss)
    .bss                                     0x2000024c   Section       72  tim.o(.bss)
    .bss                                     0x20000294   Section      136  usart.o(.bss)
    STACK                                    0x20000320   Section     1024  startup_stm32f103xb.o(STACK)

    Global Symbols

    Symbol Name                              Value     Ov Type        Size  Object(Section)

    BuildAttributes$$THM_ISAv4$P$D$K$B$S$PE$A:L22UL41UL21$X:L11$S22US41US21$IEEE1$IW$USESV6$~STKCKD$USESV7$~SHL$OSPACE$ROPI$EBA8$MICROLIB$REQ8$PRES8$EABIv2 0x00000000   Number         0  anon$$obj.o ABSOLUTE
    __ARM_use_no_argv                        0x00000000   Number         0  main.o ABSOLUTE
    _printf_a                                0x00000000   Number         0  stubs.o ABSOLUTE
    _printf_c                                0x00000000   Number         0  stubs.o ABSOLUTE
    _printf_charcount                        0x00000000   Number         0  stubs.o ABSOLUTE
    _printf_d                                0x00000000   Number         0  stubs.o ABSOLUTE
    _printf_e                                0x00000000   Number         0  stubs.o ABSOLUTE
    _printf_f                                0x00000000   Number         0  stubs.o ABSOLUTE
    _printf_flags                            0x00000000   Number         0  stubs.o ABSOLUTE
    _printf_fp_dec                           0x00000000   Number         0  stubs.o ABSOLUTE
    _printf_fp_hex                           0x00000000   Number         0  stubs.o ABSOLUTE
    _printf_g                                0x00000000   Number         0  stubs.o ABSOLUTE
    _printf_i                                0x00000000   Number         0  stubs.o ABSOLUTE
    _printf_int_dec                          0x00000000   Number         0  stubs.o ABSOLUTE
    _printf_l                                0x00000000   Number         0  stubs.o ABSOLUTE
    _printf_lc                               0x00000000   Number         0  stubs.o ABSOLUTE
    _printf_ll                               0x00000000   Number         0  stubs.o ABSOLUTE
    _printf_lld                              0x00000000   Number         0  stubs.o ABSOLUTE
    _printf_lli                              0x00000000   Number         0  stubs.o ABSOLUTE
    _printf_llo                              0x00000000   Number         0  stubs.o ABSOLUTE
    _printf_llu                              0x00000000   Number         0  stubs.o ABSOLUTE
    _printf_llx                              0x00000000   Number         0  stubs.o ABSOLUTE
    _printf_longlong_dec                     0x00000000   Number         0  stubs.o ABSOLUTE
    _printf_longlong_hex                     0x00000000   Number         0  stubs.o ABSOLUTE
    _printf_longlong_oct                     0x00000000   Number         0  stubs.o ABSOLUTE
    _printf_ls                               0x00000000   Number         0  stubs.o ABSOLUTE
    _printf_mbtowc                           0x00000000   Number         0  stubs.o ABSOLUTE
    _printf_n                                0x00000000   Number         0  stubs.o ABSOLUTE
    _printf_o                                0x00000000   Number         0  stubs.o ABSOLUTE
    _printf_p                                0x00000000   Number         0  stubs.o ABSOLUTE
    _printf_percent                          0x00000000   Number         0  stubs.o ABSOLUTE
    _printf_pre_padding                      0x00000000   Number         0  stubs.o ABSOLUTE
    _printf_return_value                     0x00000000   Number         0  stubs.o ABSOLUTE
    _printf_s                                0x00000000   Number         0  stubs.o ABSOLUTE
    _printf_sizespec                         0x00000000   Number         0  stubs.o ABSOLUTE
    _printf_str                              0x00000000   Number         0  stubs.o ABSOLUTE
    _printf_truncate_signed                  0x00000000   Number         0  stubs.o ABSOLUTE
    _printf_truncate_unsigned                0x00000000   Number         0  stubs.o ABSOLUTE
    _printf_u                                0x00000000   Number         0  stubs.o ABSOLUTE
    _printf_wc                               0x00000000   Number         0  stubs.o ABSOLUTE
    _printf_wctomb                           0x00000000   Number         0  stubs.o ABSOLUTE
    _printf_widthprec                        0x00000000   Number         0  stubs.o ABSOLUTE
    _printf_x                                0x00000000   Number         0  stubs.o ABSOLUTE
    __cpp_initialize__aeabi_                  - Undefined Weak Reference
    __cxa_finalize                            - Undefined Weak Reference
    __decompress                              - Undefined Weak Reference
    _clock_init                               - Undefined Weak Reference
    _microlib_exit                            - Undefined Weak Reference
    __Vectors_Size                           0x000000ec   Number         0  startup_stm32f103xb.o ABSOLUTE
    __Vectors                                0x08000000   Data           4  startup_stm32f103xb.o(RESET)
    __Vectors_End                            0x080000ec   Data           0  startup_stm32f103xb.o(RESET)
    __main                                   0x080000ed   Thumb Code     0  entry.o(.ARM.Collect$$$$00000000)
    _main_stk                                0x080000ed   Thumb Code     0  entry2.o(.ARM.Collect$$$$00000001)
    _main_scatterload                        0x080000f1   Thumb Code     0  entry5.o(.ARM.Collect$$$$00000004)
    __main_after_scatterload                 0x080000f5   Thumb Code     0  entry5.o(.ARM.Collect$$$$00000004)
    _main_clock                              0x080000f5   Thumb Code     0  entry7b.o(.ARM.Collect$$$$00000008)
    _main_cpp_init                           0x080000f5   Thumb Code     0  entry8b.o(.ARM.Collect$$$$0000000A)
    _main_init                               0x080000f5   Thumb Code     0  entry9a.o(.ARM.Collect$$$$0000000B)
    __rt_final_cpp                           0x080000fd   Thumb Code     0  entry10a.o(.ARM.Collect$$$$0000000D)
    __rt_final_exit                          0x080000fd   Thumb Code     0  entry11a.o(.ARM.Collect$$$$0000000F)
    Reset_Handler                            0x08000101   Thumb Code     8  startup_stm32f103xb.o(.text)
    ADC1_2_IRQHandler                        0x0800011b   Thumb Code     0  startup_stm32f103xb.o(.text)
    CAN1_RX1_IRQHandler                      0x0800011b   Thumb Code     0  startup_stm32f103xb.o(.text)
    CAN1_SCE_IRQHandler                      0x0800011b   Thumb Code     0  startup_stm32f103xb.o(.text)
    DMA1_Channel1_IRQHandler                 0x0800011b   Thumb Code     0  startup_stm32f103xb.o(.text)
    DMA1_Channel2_IRQHandler                 0x0800011b   Thumb Code     0  startup_stm32f103xb.o(.text)
    DMA1_Channel3_IRQHandler                 0x0800011b   Thumb Code     0  startup_stm32f103xb.o(.text)
    DMA1_Channel4_IRQHandler                 0x0800011b   Thumb Code     0  startup_stm32f103xb.o(.text)
    DMA1_Channel5_IRQHandler                 0x0800011b   Thumb Code     0  startup_stm32f103xb.o(.text)
    DMA1_Channel6_IRQHandler                 0x0800011b   Thumb Code     0  startup_stm32f103xb.o(.text)
    DMA1_Channel7_IRQHandler                 0x0800011b   Thumb Code     0  startup_stm32f103xb.o(.text)
    EXTI0_IRQHandler                         0x0800011b   Thumb Code     0  startup_stm32f103xb.o(.text)
    EXTI15_10_IRQHandler                     0x0800011b   Thumb Code     0  startup_stm32f103xb.o(.text)
    EXTI1_IRQHandler                         0x0800011b   Thumb Code     0  startup_stm32f103xb.o(.text)
    EXTI2_IRQHandler                         0x0800011b   Thumb Code     0  startup_stm32f103xb.o(.text)
    EXTI3_IRQHandler                         0x0800011b   Thumb Code     0  startup_stm32f103xb.o(.text)
    EXTI4_IRQHandler                         0x0800011b   Thumb Code     0  startup_stm32f103xb.o(.text)
    FLASH_IRQHandler                         0x0800011b   Thumb Code     0  startup_stm32f103xb.o(.text)
    I2C1_ER_IRQHandler                       0x0800011b   Thumb Code     0  startup_stm32f103xb.o(.text)
    I2C1_EV_IRQHandler                       0x0800011b   Thumb Code     0  startup_stm32f103xb.o(.text)
    I2C2_ER_IRQHandler                       0x0800011b   Thumb Code     0  startup_stm32f103xb.o(.text)
    I2C2_EV_IRQHandler                       0x0800011b   Thumb Code     0  startup_stm32f103xb.o(.text)
    PVD_IRQHandler                           0x0800011b   Thumb Code     0  startup_stm32f103xb.o(.text)
    RCC_IRQHandler                           0x0800011b   Thumb Code     0  startup_stm32f103xb.o(.text)
    RTC_Alarm_IRQHandler                     0x0800011b   Thumb Code     0  startup_stm32f103xb.o(.text)
    RTC_IRQHandler                           0x0800011b   Thumb Code     0  startup_stm32f103xb.o(.text)
    SPI1_IRQHandler                          0x0800011b   Thumb Code     0  startup_stm32f103xb.o(.text)
    SPI2_IRQHandler                          0x0800011b   Thumb Code     0  startup_stm32f103xb.o(.text)
    TAMPER_IRQHandler                        0x0800011b   Thumb Code     0  startup_stm32f103xb.o(.text)
    TIM1_BRK_IRQHandler                      0x0800011b   Thumb Code     0  startup_stm32f103xb.o(.text)
    TIM1_CC_IRQHandler                       0x0800011b   Thumb Code     0  startup_stm32f103xb.o(.text)
    TIM1_TRG_COM_IRQHandler                  0x0800011b   Thumb Code     0  startup_stm32f103xb.o(.text)
    TIM2_IRQHandler                          0x0800011b   Thumb Code     0  startup_stm32f103xb.o(.text)
    TIM3_IRQHandler                          0x0800011b   Thumb Code     0  startup_stm32f103xb.o(.text)
    TIM4_IRQHandler                          0x0800011b   Thumb Code     0  startup_stm32f103xb.o(.text)
    USART1_IRQHandler                        0x0800011b   Thumb Code     0  startup_stm32f103xb.o(.text)
    USART2_IRQHandler                        0x0800011b   Thumb Code     0  startup_stm32f103xb.o(.text)
    USART3_IRQHandler                        0x0800011b   Thumb Code     0  startup_stm32f103xb.o(.text)
    USBWakeUp_IRQHandler                     0x0800011b   Thumb Code     0  startup_stm32f103xb.o(.text)
    USB_HP_CAN1_TX_IRQHandler                0x0800011b   Thumb Code     0  startup_stm32f103xb.o(.text)
    USB_LP_CAN1_RX0_IRQHandler               0x0800011b   Thumb Code     0  startup_stm32f103xb.o(.text)
    WWDG_IRQHandler                          0x0800011b   Thumb Code     0  startup_stm32f103xb.o(.text)
    __aeabi_memset                           0x08000125   Thumb Code    14  memseta.o(.text)
    __aeabi_memset4                          0x08000125   Thumb Code     0  memseta.o(.text)
    __aeabi_memset8                          0x08000125   Thumb Code     0  memseta.o(.text)
    __aeabi_memclr                           0x08000133   Thumb Code     4  memseta.o(.text)
    __aeabi_memclr4                          0x08000133   Thumb Code     0  memseta.o(.text)
    __aeabi_memclr8                          0x08000133   Thumb Code     0  memseta.o(.text)
    _memset$wrapper                          0x08000137   Thumb Code    18  memseta.o(.text)
    __aeabi_uidiv                            0x08000149   Thumb Code     0  uidiv.o(.text)
    __aeabi_uidivmod                         0x08000149   Thumb Code    44  uidiv.o(.text)
    __scatterload                            0x08000175   Thumb Code    28  init.o(.text)
    __scatterload_rt2                        0x08000175   Thumb Code     0  init.o(.text)
    At24c02_Read_Add                         0x08000199   Thumb Code    64  at24c02.o(i.At24c02_Read_Add)
    At24c02_Write_Add                        0x080001d9   Thumb Code    48  at24c02.o(i.At24c02_Write_Add)
    BusFault_Handler                         0x08000209   Thumb Code     2  stm32f1xx_it.o(i.BusFault_Handler)
    Chiclet_Keyboard_Scan                    0x0800020d   Thumb Code   284  key.o(i.Chiclet_Keyboard_Scan)
    DebugMon_Handler                         0x08000335   Thumb Code     2  stm32f1xx_it.o(i.DebugMon_Handler)
    Display_ASCII8X16_Color                  0x08000339   Thumb Code   108  tft.o(i.Display_ASCII8X16_Color)
    Display_function                         0x080003a9   Thumb Code   530  main.o(i.Display_function)
    EXTI9_5_IRQHandler                       0x08000629   Thumb Code     6  stm32f1xx_it.o(i.EXTI9_5_IRQHandler)
    Error_Handler                            0x0800062f   Thumb Code     4  main.o(i.Error_Handler)
    Fast_DrawFont_GBK16                      0x08000635   Thumb Code   150  tft.o(i.Fast_DrawFont_GBK16)
    HAL_Delay                                0x080006d1   Thumb Code    32  stm32f1xx_hal.o(i.HAL_Delay)
    HAL_GPIO_EXTI_Callback                   0x080006f5   Thumb Code    14  main.o(i.HAL_GPIO_EXTI_Callback)
    HAL_GPIO_EXTI_IRQHandler                 0x08000709   Thumb Code    18  stm32f1xx_hal_gpio.o(i.HAL_GPIO_EXTI_IRQHandler)
    HAL_GPIO_Init                            0x08000721   Thumb Code   446  stm32f1xx_hal_gpio.o(i.HAL_GPIO_Init)
    HAL_GPIO_ReadPin                         0x08000901   Thumb Code    10  stm32f1xx_hal_gpio.o(i.HAL_GPIO_ReadPin)
    HAL_GPIO_WritePin                        0x0800090b   Thumb Code    10  stm32f1xx_hal_gpio.o(i.HAL_GPIO_WritePin)
    HAL_GetTick                              0x08000915   Thumb Code     6  stm32f1xx_hal.o(i.HAL_GetTick)
    HAL_IncTick                              0x08000921   Thumb Code    12  stm32f1xx_hal.o(i.HAL_IncTick)
    HAL_Init                                 0x08000931   Thumb Code    32  stm32f1xx_hal.o(i.HAL_Init)
    HAL_InitTick                             0x08000955   Thumb Code    54  stm32f1xx_hal.o(i.HAL_InitTick)
    HAL_MspInit                              0x08000995   Thumb Code    52  stm32f1xx_hal_msp.o(i.HAL_MspInit)
    HAL_NVIC_EnableIRQ                       0x080009d1   Thumb Code    26  stm32f1xx_hal_cortex.o(i.HAL_NVIC_EnableIRQ)
    HAL_NVIC_SetPriority                     0x080009ed   Thumb Code    60  stm32f1xx_hal_cortex.o(i.HAL_NVIC_SetPriority)
    HAL_NVIC_SetPriorityGrouping             0x08000a2d   Thumb Code    26  stm32f1xx_hal_cortex.o(i.HAL_NVIC_SetPriorityGrouping)
    HAL_PWR_EnableBkUpAccess                 0x08000a51   Thumb Code     8  stm32f1xx_hal_pwr.o(i.HAL_PWR_EnableBkUpAccess)
    HAL_RCCEx_GetPeriphCLKFreq               0x08000a5d   Thumb Code   166  stm32f1xx_hal_rcc_ex.o(i.HAL_RCCEx_GetPeriphCLKFreq)
    HAL_RCCEx_PeriphCLKConfig                0x08000b25   Thumb Code   224  stm32f1xx_hal_rcc_ex.o(i.HAL_RCCEx_PeriphCLKConfig)
    HAL_RCC_ClockConfig                      0x08000c11   Thumb Code   280  stm32f1xx_hal_rcc.o(i.HAL_RCC_ClockConfig)
    HAL_RCC_GetPCLK1Freq                     0x08000d3d   Thumb Code    20  stm32f1xx_hal_rcc.o(i.HAL_RCC_GetPCLK1Freq)
    HAL_RCC_GetPCLK2Freq                     0x08000d5d   Thumb Code    20  stm32f1xx_hal_rcc.o(i.HAL_RCC_GetPCLK2Freq)
    HAL_RCC_GetSysClockFreq                  0x08000d7d   Thumb Code    74  stm32f1xx_hal_rcc.o(i.HAL_RCC_GetSysClockFreq)
    HAL_RCC_OscConfig                        0x08000de9   Thumb Code   778  stm32f1xx_hal_rcc.o(i.HAL_RCC_OscConfig)
    HAL_RTCEx_BKUPRead                       0x08001109   Thumb Code    10  stm32f1xx_hal_rtc_ex.o(i.HAL_RTCEx_BKUPRead)
    HAL_RTCEx_BKUPWrite                      0x08001119   Thumb Code    12  stm32f1xx_hal_rtc_ex.o(i.HAL_RTCEx_BKUPWrite)
    HAL_RTC_GetTime                          0x08001129   Thumb Code   216  stm32f1xx_hal_rtc.o(i.HAL_RTC_GetTime)
    HAL_RTC_Init                             0x08001201   Thumb Code   154  stm32f1xx_hal_rtc.o(i.HAL_RTC_Init)
    HAL_RTC_MspInit                          0x080012a1   Thumb Code    40  rtc.o(i.HAL_RTC_MspInit)
    HAL_RTC_SetDate                          0x080012d5   Thumb Code   192  stm32f1xx_hal_rtc.o(i.HAL_RTC_SetDate)
    HAL_RTC_SetTime                          0x08001399   Thumb Code   168  stm32f1xx_hal_rtc.o(i.HAL_RTC_SetTime)
    HAL_RTC_WaitForSynchro                   0x08001445   Thumb Code    58  stm32f1xx_hal_rtc.o(i.HAL_RTC_WaitForSynchro)
    HAL_SYSTICK_Config                       0x0800147f   Thumb Code    40  stm32f1xx_hal_cortex.o(i.HAL_SYSTICK_Config)
    HAL_TIMEx_BreakCallback                  0x080014a7   Thumb Code     2  stm32f1xx_hal_tim_ex.o(i.HAL_TIMEx_BreakCallback)
    HAL_TIMEx_CommutCallback                 0x080014a9   Thumb Code     2  stm32f1xx_hal_tim_ex.o(i.HAL_TIMEx_CommutCallback)
    HAL_TIMEx_MasterConfigSynchronization    0x080014ad   Thumb Code    92  stm32f1xx_hal_tim_ex.o(i.HAL_TIMEx_MasterConfigSynchronization)
    HAL_TIM_Base_Init                        0x08001515   Thumb Code    90  stm32f1xx_hal_tim.o(i.HAL_TIM_Base_Init)
    HAL_TIM_Base_MspInit                     0x08001571   Thumb Code    50  tim.o(i.HAL_TIM_Base_MspInit)
    HAL_TIM_Base_Start_IT                    0x080015ad   Thumb Code    76  stm32f1xx_hal_tim.o(i.HAL_TIM_Base_Start_IT)
    HAL_TIM_ConfigClockSource                0x08001605   Thumb Code   214  stm32f1xx_hal_tim.o(i.HAL_TIM_ConfigClockSource)
    HAL_TIM_IC_CaptureCallback               0x080016db   Thumb Code     2  stm32f1xx_hal_tim.o(i.HAL_TIM_IC_CaptureCallback)
    HAL_TIM_IRQHandler                       0x080016dd   Thumb Code   358  stm32f1xx_hal_tim.o(i.HAL_TIM_IRQHandler)
    HAL_TIM_OC_DelayElapsedCallback          0x08001843   Thumb Code     2  stm32f1xx_hal_tim.o(i.HAL_TIM_OC_DelayElapsedCallback)
    HAL_TIM_PWM_PulseFinishedCallback        0x08001845   Thumb Code     2  stm32f1xx_hal_tim.o(i.HAL_TIM_PWM_PulseFinishedCallback)
    HAL_TIM_PeriodElapsedCallback            0x08001849   Thumb Code   140  main.o(i.HAL_TIM_PeriodElapsedCallback)
    HAL_TIM_TriggerCallback                  0x080018dd   Thumb Code     2  stm32f1xx_hal_tim.o(i.HAL_TIM_TriggerCallback)
    HAL_UART_Init                            0x080018df   Thumb Code    98  stm32f1xx_hal_uart.o(i.HAL_UART_Init)
    HAL_UART_MspInit                         0x08001941   Thumb Code   156  usart.o(i.HAL_UART_MspInit)
    HAL_UART_Transmit                        0x080019ed   Thumb Code   178  stm32f1xx_hal_uart.o(i.HAL_UART_Transmit)
    HardFault_Handler                        0x08001a9f   Thumb Code     2  stm32f1xx_it.o(i.HardFault_Handler)
    IIC_Ack                                  0x08001aa1   Thumb Code    64  iic.o(i.IIC_Ack)
    IIC_GPIO_Init                            0x08001ae5   Thumb Code    82  iic.o(i.IIC_GPIO_Init)
    IIC_NAck                                 0x08001b41   Thumb Code    64  iic.o(i.IIC_NAck)
    IIC_Read_Byte                            0x08001b85   Thumb Code   100  iic.o(i.IIC_Read_Byte)
    IIC_Send_Byte                            0x08001bed   Thumb Code   100  iic.o(i.IIC_Send_Byte)
    IIC_Start                                0x08001c55   Thumb Code    64  iic.o(i.IIC_Start)
    IIC_Stop                                 0x08001c99   Thumb Code    64  iic.o(i.IIC_Stop)
    Key_function                             0x08001cdd   Thumb Code   694  main.o(i.Key_function)
    LCD_Clean_Half                           0x08002031   Thumb Code    46  main.o(i.LCD_Clean_Half)
    LCD_Dis_Init                             0x08002061   Thumb Code   226  main.o(i.LCD_Dis_Init)
    LCD_WriteData_16Bit                      0x080021b1   Thumb Code    58  tft.o(i.LCD_WriteData_16Bit)
    Lcd_DrawLine                             0x080021f1   Thumb Code    42  tft.o(i.Lcd_DrawLine)
    Lcd_SetRegion                            0x0800221b   Thumb Code    90  tft.o(i.Lcd_SetRegion)
    Lcd_WriteData                            0x08002275   Thumb Code    50  tft.o(i.Lcd_WriteData)
    Lcd_WriteIndex                           0x080022ad   Thumb Code    50  tft.o(i.Lcd_WriteIndex)
    MX_GPIO_Init                             0x080022e5   Thumb Code   234  gpio.o(i.MX_GPIO_Init)
    MX_RTC_Init                              0x080023e5   Thumb Code   230  rtc.o(i.MX_RTC_Init)
    MX_TIM1_Init                             0x080024d9   Thumb Code    96  tim.o(i.MX_TIM1_Init)
    MX_USART1_UART_Init                      0x08002541   Thumb Code    48  usart.o(i.MX_USART1_UART_Init)
    MX_USART2_UART_Init                      0x08002579   Thumb Code    48  usart.o(i.MX_USART2_UART_Init)
    MemManage_Handler                        0x080025b1   Thumb Code     2  stm32f1xx_it.o(i.MemManage_Handler)
    Monitor_function                         0x080025b5   Thumb Code   442  main.o(i.Monitor_function)
    NMI_Handler                              0x08002871   Thumb Code     2  stm32f1xx_it.o(i.NMI_Handler)
    PendSV_Handler                           0x08002873   Thumb Code     2  stm32f1xx_it.o(i.PendSV_Handler)
    Reset                                    0x08002a8d   Thumb Code    44  tft.o(i.Reset)
    SDA_IN                                   0x08002abd   Thumb Code    24  iic.o(i.SDA_IN)
    SDA_OUT                                  0x08002ad9   Thumb Code    24  iic.o(i.SDA_OUT)
    SPI_WriteData                            0x08002af5   Thumb Code    60  tft.o(i.SPI_WriteData)
    SVC_Handler                              0x08002b35   Thumb Code     2  stm32f1xx_it.o(i.SVC_Handler)
    SysTick_Handler                          0x08002b37   Thumb Code     4  stm32f1xx_it.o(i.SysTick_Handler)
    SystemClock_Config                       0x08002b3b   Thumb Code   124  main.o(i.SystemClock_Config)
    SystemInit                               0x08002bb7   Thumb Code     2  system_stm32f1xx.o(i.SystemInit)
    TFT_GPIO_Init                            0x08002bb9   Thumb Code   222  tft.o(i.TFT_GPIO_Init)
    TIM1_UP_IRQHandler                       0x08002ca1   Thumb Code     6  stm32f1xx_it.o(i.TIM1_UP_IRQHandler)
    TIM_Base_SetConfig                       0x08002cad   Thumb Code    94  stm32f1xx_hal_tim.o(i.TIM_Base_SetConfig)
    TIM_ETR_SetConfig                        0x08002d19   Thumb Code    20  stm32f1xx_hal_tim.o(i.TIM_ETR_SetConfig)
    UsageFault_Handler                       0x08002ea1   Thumb Code     2  stm32f1xx_it.o(i.UsageFault_Handler)
    __0sprintf$6                             0x08002ea5   Thumb Code    34  printf6.o(i.__0sprintf$6)
    __1sprintf$6                             0x08002ea5   Thumb Code     0  printf6.o(i.__0sprintf$6)
    __2sprintf                               0x08002ea5   Thumb Code     0  printf6.o(i.__0sprintf$6)
    __scatterload_copy                       0x08002eed   Thumb Code    14  handlers.o(i.__scatterload_copy)
    __scatterload_null                       0x08002efb   Thumb Code     2  handlers.o(i.__scatterload_null)
    __scatterload_zeroinit                   0x08002efd   Thumb Code    14  handlers.o(i.__scatterload_zeroinit)
    delay_us                                 0x08003259   Thumb Code    66  delay.o(i.delay_us)
    dsp_single_colour                        0x0800329b   Thumb Code    44  tft.o(i.dsp_single_colour)
    lcd_initial                              0x080032c9   Thumb Code   554  tft.o(i.lcd_initial)
    main                                     0x080034f9   Thumb Code   126  main.o(i.main)
    AHBPrescTable                            0x08003580   Data          16  system_stm32f1xx.o(.constdata)
    APBPrescTable                            0x08003590   Data           8  system_stm32f1xx.o(.constdata)
    Zk_ASCII8X16                             0x08003598   Data        4097  tft.o(.constdata)
    hsk_16x16                                0x08004599   Data        1394  tft.o(.constdata)
    Region$$Table$$Base                      0x08004b0c   Number         0  anon$$obj.o(Region$$Table)
    Region$$Table$$Limit                     0x08004b2c   Number         0  anon$$obj.o(Region$$Table)
    key_num                                  0x20000000   Data           1  main.o(.data)
    flag_display                             0x20000001   Data           1  main.o(.data)
    Motor_PWM                                0x20000002   Data           1  main.o(.data)
    sec                                      0x20000003   Data           1  main.o(.data)
    jilu_num                                 0x20000004   Data           1  main.o(.data)
    time_set                                 0x20000005   Data           1  main.o(.data)
    i                                        0x20000006   Data           1  main.o(.data)
    Motor_Speed                              0x20000008   Data           2  main.o(.data)
    Motor_Num                                0x2000000a   Data           2  main.o(.data)
    time                                     0x2000000c   Data           2  main.o(.data)
    k                                        0x2000000e   Data           2  main.o(.data)
    RTC_Time                                 0x20000010   Data           3  main.o(.data)
    price                                    0x20000014   Data           4  main.o(.data)
    km                                       0x20000018   Data           4  main.o(.data)
    wait_sec                                 0x2000001c   Data           4  main.o(.data)
    uwTickFreq                               0x20000020   Data           1  stm32f1xx_hal.o(.data)
    uwTickPrio                               0x20000024   Data           4  stm32f1xx_hal.o(.data)
    uwTick                                   0x20000028   Data           4  stm32f1xx_hal.o(.data)
    SystemCoreClock                          0x2000002c   Data           4  system_stm32f1xx.o(.data)
    key_bz                                   0x20000030   Data           1  key.o(.data)
    USART1_TX_BUF                            0x20000034   Data         200  main.o(.bss)
    USART2_TX_BUF                            0x200000fc   Data         200  main.o(.bss)
    Dis_Buf                                  0x200001c4   Data          15  main.o(.bss)
    jilu                                     0x200001d3   Data         100  main.o(.bss)
    hrtc                                     0x20000238   Data          20  rtc.o(.bss)
    htim1                                    0x2000024c   Data          72  tim.o(.bss)
    huart1                                   0x20000294   Data          68  usart.o(.bss)
    huart2                                   0x200002d8   Data          68  usart.o(.bss)
    __initial_sp                             0x20000720   Data           0  startup_stm32f103xb.o(STACK)



==============================================================================

Memory Map of the image

  Image Entry point : 0x080000ed

  Load Region LR_IROM1 (Base: 0x08000000, Size: 0x00004b60, Max: 0x00008000, ABSOLUTE)

    Execution Region ER_IROM1 (Exec base: 0x08000000, Load base: 0x08000000, Size: 0x00004b2c, Max: 0x00008000, ABSOLUTE)

    Exec Addr    Load Addr    Size         Type   Attr      Idx    E Section Name        Object

    0x08000000   0x08000000   0x000000ec   Data   RO            3    RESET               startup_stm32f103xb.o
    0x080000ec   0x080000ec   0x00000000   Code   RO         3409  * .ARM.Collect$$$$00000000  mc_w.l(entry.o)
    0x080000ec   0x080000ec   0x00000004   Code   RO         3679    .ARM.Collect$$$$00000001  mc_w.l(entry2.o)
    0x080000f0   0x080000f0   0x00000004   Code   RO         3682    .ARM.Collect$$$$00000004  mc_w.l(entry5.o)
    0x080000f4   0x080000f4   0x00000000   Code   RO         3684    .ARM.Collect$$$$00000008  mc_w.l(entry7b.o)
    0x080000f4   0x080000f4   0x00000000   Code   RO         3686    .ARM.Collect$$$$0000000A  mc_w.l(entry8b.o)
    0x080000f4   0x080000f4   0x00000008   Code   RO         3687    .ARM.Collect$$$$0000000B  mc_w.l(entry9a.o)
    0x080000fc   0x080000fc   0x00000000   Code   RO         3689    .ARM.Collect$$$$0000000D  mc_w.l(entry10a.o)
    0x080000fc   0x080000fc   0x00000000   Code   RO         3691    .ARM.Collect$$$$0000000F  mc_w.l(entry11a.o)
    0x080000fc   0x080000fc   0x00000004   Code   RO         3680    .ARM.Collect$$$$00002712  mc_w.l(entry2.o)
    0x08000100   0x08000100   0x00000024   Code   RO            4    .text               startup_stm32f103xb.o
    0x08000124   0x08000124   0x00000024   Code   RO         3414    .text               mc_w.l(memseta.o)
    0x08000148   0x08000148   0x0000002c   Code   RO         3696    .text               mc_w.l(uidiv.o)
    0x08000174   0x08000174   0x00000024   Code   RO         3711    .text               mc_w.l(init.o)
    0x08000198   0x08000198   0x00000040   Code   RO         3274    i.At24c02_Read_Add  at24c02.o
    0x080001d8   0x080001d8   0x00000030   Code   RO         3275    i.At24c02_Write_Add  at24c02.o
    0x08000208   0x08000208   0x00000002   Code   RO          379    i.BusFault_Handler  stm32f1xx_it.o
    0x0800020a   0x0800020a   0x00000002   PAD
    0x0800020c   0x0800020c   0x00000128   Code   RO         3384    i.Chiclet_Keyboard_Scan  key.o
    0x08000334   0x08000334   0x00000002   Code   RO          380    i.DebugMon_Handler  stm32f1xx_it.o
    0x08000336   0x08000336   0x00000002   PAD
    0x08000338   0x08000338   0x00000070   Code   RO         3143    i.Display_ASCII8X16_Color  tft.o
    0x080003a8   0x080003a8   0x00000280   Code   RO           13    i.Display_function  main.o
    0x08000628   0x08000628   0x00000006   Code   RO          381    i.EXTI9_5_IRQHandler  stm32f1xx_it.o
    0x0800062e   0x0800062e   0x00000004   Code   RO           14    i.Error_Handler     main.o
    0x08000632   0x08000632   0x00000002   PAD
    0x08000634   0x08000634   0x0000009c   Code   RO         3144    i.Fast_DrawFont_GBK16  tft.o
    0x080006d0   0x080006d0   0x00000024   Code   RO          806    i.HAL_Delay         stm32f1xx_hal.o
    0x080006f4   0x080006f4   0x00000014   Code   RO           15    i.HAL_GPIO_EXTI_Callback  main.o
    0x08000708   0x08000708   0x00000018   Code   RO         1113    i.HAL_GPIO_EXTI_IRQHandler  stm32f1xx_hal_gpio.o
    0x08000720   0x08000720   0x000001e0   Code   RO         1114    i.HAL_GPIO_Init     stm32f1xx_hal_gpio.o
    0x08000900   0x08000900   0x0000000a   Code   RO         1116    i.HAL_GPIO_ReadPin  stm32f1xx_hal_gpio.o
    0x0800090a   0x0800090a   0x0000000a   Code   RO         1118    i.HAL_GPIO_WritePin  stm32f1xx_hal_gpio.o
    0x08000914   0x08000914   0x0000000c   Code   RO          810    i.HAL_GetTick       stm32f1xx_hal.o
    0x08000920   0x08000920   0x00000010   Code   RO          816    i.HAL_IncTick       stm32f1xx_hal.o
    0x08000930   0x08000930   0x00000024   Code   RO          817    i.HAL_Init          stm32f1xx_hal.o
    0x08000954   0x08000954   0x00000040   Code   RO          818    i.HAL_InitTick      stm32f1xx_hal.o
    0x08000994   0x08000994   0x0000003c   Code   RO          467    i.HAL_MspInit       stm32f1xx_hal_msp.o
    0x080009d0   0x080009d0   0x0000001a   Code   RO         1274    i.HAL_NVIC_EnableIRQ  stm32f1xx_hal_cortex.o
    0x080009ea   0x080009ea   0x00000002   PAD
    0x080009ec   0x080009ec   0x00000040   Code   RO         1280    i.HAL_NVIC_SetPriority  stm32f1xx_hal_cortex.o
    0x08000a2c   0x08000a2c   0x00000024   Code   RO         1281    i.HAL_NVIC_SetPriorityGrouping  stm32f1xx_hal_cortex.o
    0x08000a50   0x08000a50   0x0000000c   Code   RO         1396    i.HAL_PWR_EnableBkUpAccess  stm32f1xx_hal_pwr.o
    0x08000a5c   0x08000a5c   0x000000c8   Code   RO         1076    i.HAL_RCCEx_GetPeriphCLKFreq  stm32f1xx_hal_rcc_ex.o
    0x08000b24   0x08000b24   0x000000ec   Code   RO         1077    i.HAL_RCCEx_PeriphCLKConfig  stm32f1xx_hal_rcc_ex.o
    0x08000c10   0x08000c10   0x0000012c   Code   RO          974    i.HAL_RCC_ClockConfig  stm32f1xx_hal_rcc.o
    0x08000d3c   0x08000d3c   0x00000020   Code   RO          981    i.HAL_RCC_GetPCLK1Freq  stm32f1xx_hal_rcc.o
    0x08000d5c   0x08000d5c   0x00000020   Code   RO          982    i.HAL_RCC_GetPCLK2Freq  stm32f1xx_hal_rcc.o
    0x08000d7c   0x08000d7c   0x0000006c   Code   RO          983    i.HAL_RCC_GetSysClockFreq  stm32f1xx_hal_rcc.o
    0x08000de8   0x08000de8   0x00000320   Code   RO          986    i.HAL_RCC_OscConfig  stm32f1xx_hal_rcc.o
    0x08001108   0x08001108   0x00000010   Code   RO          697    i.HAL_RTCEx_BKUPRead  stm32f1xx_hal_rtc_ex.o
    0x08001118   0x08001118   0x00000010   Code   RO          698    i.HAL_RTCEx_BKUPWrite  stm32f1xx_hal_rtc_ex.o
    0x08001128   0x08001128   0x000000d8   Code   RO          534    i.HAL_RTC_GetTime   stm32f1xx_hal_rtc.o
    0x08001200   0x08001200   0x000000a0   Code   RO          535    i.HAL_RTC_Init      stm32f1xx_hal_rtc.o
    0x080012a0   0x080012a0   0x00000034   Code   RO          248    i.HAL_RTC_MspInit   rtc.o
    0x080012d4   0x080012d4   0x000000c4   Code   RO          541    i.HAL_RTC_SetDate   stm32f1xx_hal_rtc.o
    0x08001398   0x08001398   0x000000ac   Code   RO          542    i.HAL_RTC_SetTime   stm32f1xx_hal_rtc.o
    0x08001444   0x08001444   0x0000003a   Code   RO          543    i.HAL_RTC_WaitForSynchro  stm32f1xx_hal_rtc.o
    0x0800147e   0x0800147e   0x00000028   Code   RO         1285    i.HAL_SYSTICK_Config  stm32f1xx_hal_cortex.o
    0x080014a6   0x080014a6   0x00000002   Code   RO         2480    i.HAL_TIMEx_BreakCallback  stm32f1xx_hal_tim_ex.o
    0x080014a8   0x080014a8   0x00000002   Code   RO         2481    i.HAL_TIMEx_CommutCallback  stm32f1xx_hal_tim_ex.o
    0x080014aa   0x080014aa   0x00000002   PAD
    0x080014ac   0x080014ac   0x00000068   Code   RO         2499    i.HAL_TIMEx_MasterConfigSynchronization  stm32f1xx_hal_tim_ex.o
    0x08001514   0x08001514   0x0000005a   Code   RO         1776    i.HAL_TIM_Base_Init  stm32f1xx_hal_tim.o
    0x0800156e   0x0800156e   0x00000002   PAD
    0x08001570   0x08001570   0x0000003c   Code   RO          290    i.HAL_TIM_Base_MspInit  tim.o
    0x080015ac   0x080015ac   0x00000058   Code   RO         1781    i.HAL_TIM_Base_Start_IT  stm32f1xx_hal_tim.o
    0x08001604   0x08001604   0x000000d6   Code   RO         1785    i.HAL_TIM_ConfigClockSource  stm32f1xx_hal_tim.o
    0x080016da   0x080016da   0x00000002   Code   RO         1810    i.HAL_TIM_IC_CaptureCallback  stm32f1xx_hal_tim.o
    0x080016dc   0x080016dc   0x00000166   Code   RO         1824    i.HAL_TIM_IRQHandler  stm32f1xx_hal_tim.o
    0x08001842   0x08001842   0x00000002   Code   RO         1827    i.HAL_TIM_OC_DelayElapsedCallback  stm32f1xx_hal_tim.o
    0x08001844   0x08001844   0x00000002   Code   RO         1854    i.HAL_TIM_PWM_PulseFinishedCallback  stm32f1xx_hal_tim.o
    0x08001846   0x08001846   0x00000002   PAD
    0x08001848   0x08001848   0x00000094   Code   RO           16    i.HAL_TIM_PeriodElapsedCallback  main.o
    0x080018dc   0x080018dc   0x00000002   Code   RO         1867    i.HAL_TIM_TriggerCallback  stm32f1xx_hal_tim.o
    0x080018de   0x080018de   0x00000062   Code   RO         2776    i.HAL_UART_Init     stm32f1xx_hal_uart.o
    0x08001940   0x08001940   0x000000ac   Code   RO          332    i.HAL_UART_MspInit  usart.o
    0x080019ec   0x080019ec   0x000000b2   Code   RO         2784    i.HAL_UART_Transmit  stm32f1xx_hal_uart.o
    0x08001a9e   0x08001a9e   0x00000002   Code   RO          382    i.HardFault_Handler  stm32f1xx_it.o
    0x08001aa0   0x08001aa0   0x00000044   Code   RO         3307    i.IIC_Ack           iic.o
    0x08001ae4   0x08001ae4   0x0000005c   Code   RO         3308    i.IIC_GPIO_Init     iic.o
    0x08001b40   0x08001b40   0x00000044   Code   RO         3309    i.IIC_NAck          iic.o
    0x08001b84   0x08001b84   0x00000068   Code   RO         3310    i.IIC_Read_Byte     iic.o
    0x08001bec   0x08001bec   0x00000068   Code   RO         3311    i.IIC_Send_Byte     iic.o
    0x08001c54   0x08001c54   0x00000044   Code   RO         3312    i.IIC_Start         iic.o
    0x08001c98   0x08001c98   0x00000044   Code   RO         3313    i.IIC_Stop          iic.o
    0x08001cdc   0x08001cdc   0x00000354   Code   RO           17    i.Key_function      main.o
    0x08002030   0x08002030   0x0000002e   Code   RO           18    i.LCD_Clean_Half    main.o
    0x0800205e   0x0800205e   0x00000002   PAD
    0x08002060   0x08002060   0x00000150   Code   RO           19    i.LCD_Dis_Init      main.o
    0x080021b0   0x080021b0   0x00000040   Code   RO         3145    i.LCD_WriteData_16Bit  tft.o
    0x080021f0   0x080021f0   0x0000002a   Code   RO         3146    i.Lcd_DrawLine      tft.o
    0x0800221a   0x0800221a   0x0000005a   Code   RO         3147    i.Lcd_SetRegion     tft.o
    0x08002274   0x08002274   0x00000038   Code   RO         3148    i.Lcd_WriteData     tft.o
    0x080022ac   0x080022ac   0x00000038   Code   RO         3149    i.Lcd_WriteIndex    tft.o
    0x080022e4   0x080022e4   0x00000100   Code   RO          223    i.MX_GPIO_Init      gpio.o
    0x080023e4   0x080023e4   0x000000f4   Code   RO          249    i.MX_RTC_Init       rtc.o
    0x080024d8   0x080024d8   0x00000068   Code   RO          291    i.MX_TIM1_Init      tim.o
    0x08002540   0x08002540   0x00000038   Code   RO          333    i.MX_USART1_UART_Init  usart.o
    0x08002578   0x08002578   0x00000038   Code   RO          334    i.MX_USART2_UART_Init  usart.o
    0x080025b0   0x080025b0   0x00000002   Code   RO          383    i.MemManage_Handler  stm32f1xx_it.o
    0x080025b2   0x080025b2   0x00000002   PAD
    0x080025b4   0x080025b4   0x000002bc   Code   RO           20    i.Monitor_function  main.o
    0x08002870   0x08002870   0x00000002   Code   RO          384    i.NMI_Handler       stm32f1xx_it.o
    0x08002872   0x08002872   0x00000002   Code   RO          385    i.PendSV_Handler    stm32f1xx_it.o
    0x08002874   0x08002874   0x00000012   Code   RO          544    i.RTC_Bcd2ToByte    stm32f1xx_hal_rtc.o
    0x08002886   0x08002886   0x00000016   Code   RO          545    i.RTC_ByteToBcd2    stm32f1xx_hal_rtc.o
    0x0800289c   0x0800289c   0x000000ae   Code   RO          546    i.RTC_DateUpdate    stm32f1xx_hal_rtc.o
    0x0800294a   0x0800294a   0x00000034   Code   RO          547    i.RTC_EnterInitMode  stm32f1xx_hal_rtc.o
    0x0800297e   0x0800297e   0x00000002   PAD
    0x08002980   0x08002980   0x00000036   Code   RO          548    i.RTC_ExitInitMode  stm32f1xx_hal_rtc.o
    0x080029b6   0x080029b6   0x0000000e   Code   RO          549    i.RTC_ReadAlarmCounter  stm32f1xx_hal_rtc.o
    0x080029c4   0x080029c4   0x00000020   Code   RO          550    i.RTC_ReadTimeCounter  stm32f1xx_hal_rtc.o
    0x080029e4   0x080029e4   0x00000056   Code   RO          551    i.RTC_WeekDayNum    stm32f1xx_hal_rtc.o
    0x08002a3a   0x08002a3a   0x00000028   Code   RO          552    i.RTC_WriteAlarmCounter  stm32f1xx_hal_rtc.o
    0x08002a62   0x08002a62   0x00000028   Code   RO          553    i.RTC_WriteTimeCounter  stm32f1xx_hal_rtc.o
    0x08002a8a   0x08002a8a   0x00000002   PAD
    0x08002a8c   0x08002a8c   0x00000030   Code   RO         3151    i.Reset             tft.o
    0x08002abc   0x08002abc   0x0000001c   Code   RO         3315    i.SDA_IN            iic.o
    0x08002ad8   0x08002ad8   0x0000001c   Code   RO         3316    i.SDA_OUT           iic.o
    0x08002af4   0x08002af4   0x00000040   Code   RO         3152    i.SPI_WriteData     tft.o
    0x08002b34   0x08002b34   0x00000002   Code   RO          386    i.SVC_Handler       stm32f1xx_it.o
    0x08002b36   0x08002b36   0x00000004   Code   RO          387    i.SysTick_Handler   stm32f1xx_it.o
    0x08002b3a   0x08002b3a   0x0000007c   Code   RO           21    i.SystemClock_Config  main.o
    0x08002bb6   0x08002bb6   0x00000002   Code   RO         3105    i.SystemInit        system_stm32f1xx.o
    0x08002bb8   0x08002bb8   0x000000e8   Code   RO         3153    i.TFT_GPIO_Init     tft.o
    0x08002ca0   0x08002ca0   0x0000000c   Code   RO          388    i.TIM1_UP_IRQHandler  stm32f1xx_it.o
    0x08002cac   0x08002cac   0x0000006c   Code   RO         1869    i.TIM_Base_SetConfig  stm32f1xx_hal_tim.o
    0x08002d18   0x08002d18   0x00000014   Code   RO         1880    i.TIM_ETR_SetConfig  stm32f1xx_hal_tim.o
    0x08002d2c   0x08002d2c   0x00000010   Code   RO         1881    i.TIM_ITRx_SetConfig  stm32f1xx_hal_tim.o
    0x08002d3c   0x08002d3c   0x00000022   Code   RO         1887    i.TIM_TI1_ConfigInputStage  stm32f1xx_hal_tim.o
    0x08002d5e   0x08002d5e   0x00000024   Code   RO         1889    i.TIM_TI2_ConfigInputStage  stm32f1xx_hal_tim.o
    0x08002d82   0x08002d82   0x00000002   PAD
    0x08002d84   0x08002d84   0x000000b8   Code   RO         2802    i.UART_SetConfig    stm32f1xx_hal_uart.o
    0x08002e3c   0x08002e3c   0x00000064   Code   RO         2805    i.UART_WaitOnFlagUntilTimeout  stm32f1xx_hal_uart.o
    0x08002ea0   0x08002ea0   0x00000002   Code   RO          389    i.UsageFault_Handler  stm32f1xx_it.o
    0x08002ea2   0x08002ea2   0x00000002   PAD
    0x08002ea4   0x08002ea4   0x00000028   Code   RO         3575    i.__0sprintf$6      mc_w.l(printf6.o)
    0x08002ecc   0x08002ecc   0x00000020   Code   RO         1287    i.__NVIC_SetPriority  stm32f1xx_hal_cortex.o
    0x08002eec   0x08002eec   0x0000000e   Code   RO         3723    i.__scatterload_copy  mc_w.l(handlers.o)
    0x08002efa   0x08002efa   0x00000002   Code   RO         3724    i.__scatterload_null  mc_w.l(handlers.o)
    0x08002efc   0x08002efc   0x0000000e   Code   RO         3725    i.__scatterload_zeroinit  mc_w.l(handlers.o)
    0x08002f0a   0x08002f0a   0x00000002   PAD
    0x08002f0c   0x08002f0c   0x000002f0   Code   RO         3580    i._printf_core      mc_w.l(printf6.o)
    0x080031fc   0x080031fc   0x00000024   Code   RO         3581    i._printf_post_padding  mc_w.l(printf6.o)
    0x08003220   0x08003220   0x0000002e   Code   RO         3582    i._printf_pre_padding  mc_w.l(printf6.o)
    0x0800324e   0x0800324e   0x0000000a   Code   RO         3584    i._sputc            mc_w.l(printf6.o)
    0x08003258   0x08003258   0x00000042   Code   RO         3250    i.delay_us          delay.o
    0x0800329a   0x0800329a   0x0000002c   Code   RO         3154    i.dsp_single_colour  tft.o
    0x080032c6   0x080032c6   0x00000002   PAD
    0x080032c8   0x080032c8   0x00000230   Code   RO         3155    i.lcd_initial       tft.o
    0x080034f8   0x080034f8   0x00000088   Code   RO           22    i.main              main.o
    0x08003580   0x08003580   0x00000010   Data   RO         3106    .constdata          system_stm32f1xx.o
    0x08003590   0x08003590   0x00000008   Data   RO         3107    .constdata          system_stm32f1xx.o
    0x08003598   0x08003598   0x00001573   Data   RO         3156    .constdata          tft.o
    0x08004b0b   0x08004b0b   0x00000001   PAD
    0x08004b0c   0x08004b0c   0x00000020   Data   RO         3721    Region$$Table       anon$$obj.o


    Execution Region RW_IRAM1 (Exec base: 0x20000000, Load base: 0x08004b2c, Size: 0x00000720, Max: 0x00002800, ABSOLUTE)

    Exec Addr    Load Addr    Size         Type   Attr      Idx    E Section Name        Object

    0x20000000   0x08004b2c   0x00000020   Data   RW           24    .data               main.o
    0x20000020   0x08004b4c   0x0000000c   Data   RW          824    .data               stm32f1xx_hal.o
    0x2000002c   0x08004b58   0x00000004   Data   RW         3108    .data               system_stm32f1xx.o
    0x20000030   0x08004b5c   0x00000001   Data   RW         3386    .data               key.o
    0x20000031   0x08004b5d   0x00000003   PAD
    0x20000034        -       0x00000203   Zero   RW           23    .bss                main.o
    0x20000237   0x08004b5d   0x00000001   PAD
    0x20000238        -       0x00000014   Zero   RW          250    .bss                rtc.o
    0x2000024c        -       0x00000048   Zero   RW          292    .bss                tim.o
    0x20000294        -       0x00000088   Zero   RW          335    .bss                usart.o
    0x2000031c   0x08004b5d   0x00000004   PAD
    0x20000320        -       0x00000400   Zero   RW            1    STACK               startup_stm32f103xb.o


==============================================================================

Image component sizes


      Code (inc. data)   RO Data    RW Data    ZI Data      Debug   Object Name

       112          0          0          0          0       1239   at24c02.o
        66          0          0          0          0        703   delay.o
       256         22          0          0          0       1019   gpio.o
       628         42          0          0          0       5149   iic.o
       296         12          0          1          0       1146   key.o
      3006        668          0         32        515     442044   main.o
       296         26          0          0         20       1799   rtc.o
        36          8        236          0       1024        808   startup_stm32f103xb.o
       164         28          0         12          0       6037   stm32f1xx_hal.o
       198         14          0          0          0      29043   stm32f1xx_hal_cortex.o
       524         40          0          0          0       4194   stm32f1xx_hal_gpio.o
        60          8          0          0          0        906   stm32f1xx_hal_msp.o
        12          4          0          0          0        531   stm32f1xx_hal_pwr.o
      1272        100          0          0          0       5292   stm32f1xx_hal_rcc.o
       436         46          0          0          0       2585   stm32f1xx_hal_rcc_ex.o
      1334         14          0          0          0      12182   stm32f1xx_hal_rtc.o
        32         10          0          0          0       1683   stm32f1xx_hal_rtc_ex.o
       972         26          0          0          0       9881   stm32f1xx_hal_tim.o
       108         12          0          0          0       2437   stm32f1xx_hal_tim_ex.o
       560          6          0          0          0       4028   stm32f1xx_hal_uart.o
        38          6          0          0          0       4928   stm32f1xx_it.o
         2          0         24          4          0       1167   system_stm32f1xx.o
      1524         52       5491          0          0       9450   tft.o
       164         18          0          0         72       1726   tim.o
       284         32          0          0        136       2419   usart.o

    ----------------------------------------------------------------------
     12408       1194       5784         52       1772     552396   Object Totals
         0          0         32          0          0          0   (incl. Generated)
        28          0          1          3          5          0   (incl. Padding)

    ----------------------------------------------------------------------

      Code (inc. data)   RO Data    RW Data    ZI Data      Debug   Library Member Name

         0          0          0          0          0          0   entry.o
         0          0          0          0          0          0   entry10a.o
         0          0          0          0          0          0   entry11a.o
         8          4          0          0          0          0   entry2.o
         4          0          0          0          0          0   entry5.o
         0          0          0          0          0          0   entry7b.o
         0          0          0          0          0          0   entry8b.o
         8          4          0          0          0          0   entry9a.o
        30          0          0          0          0          0   handlers.o
        36          8          0          0          0         68   init.o
        36          0          0          0          0        108   memseta.o
       884         10          0          0          0        420   printf6.o
        44          0          0          0          0         80   uidiv.o

    ----------------------------------------------------------------------
      1052         26          0          0          0        676   Library Totals
         2          0          0          0          0          0   (incl. Padding)

    ----------------------------------------------------------------------

      Code (inc. data)   RO Data    RW Data    ZI Data      Debug   Library Name

      1050         26          0          0          0        676   mc_w.l

    ----------------------------------------------------------------------
      1052         26          0          0          0        676   Library Totals

    ----------------------------------------------------------------------

==============================================================================


      Code (inc. data)   RO Data    RW Data    ZI Data      Debug   

     13460       1220       5784         52       1772     547192   Grand Totals
     13460       1220       5784         52       1772     547192   ELF Image Totals
     13460       1220       5784         52          0          0   ROM Totals

==============================================================================

    Total RO  Size (Code + RO Data)                19244 (  18.79kB)
    Total RW  Size (RW Data + ZI Data)              1824 (   1.78kB)
    Total ROM Size (Code + RO Data + RW Data)      19296 (  18.84kB)

==============================================================================

